Archive member included to satisfy reference by file (symbol)

C:/nxp/MCUXpressoIDE_24.12.148/ide/plugins/com.nxp.mcuxpresso.tools.win32_24.12.0.202407110909/tools/bin/../lib/gcc/arm-none-eabi/13.2.1/../../../../arm-none-eabi/lib/thumb/v8-m.main+fp/hard\libcr_nohost_nf.a(_cr__main.o)
                              ./startup/startup_mcxn947_cm33_core0.o (__main)
C:/nxp/MCUXpressoIDE_24.12.148/ide/plugins/com.nxp.mcuxpresso.tools.win32_24.12.0.202407110909/tools/bin/../lib/gcc/arm-none-eabi/13.2.1/../../../../arm-none-eabi/lib/thumb/v8-m.main+fp/hard\libcr_c.a(memset.o)
                              ./freertos/freertos-kernel/portable/MemMang/heap_4.o (memset)
C:/nxp/MCUXpressoIDE_24.12.148/ide/plugins/com.nxp.mcuxpresso.tools.win32_24.12.0.202407110909/tools/bin/../lib/gcc/arm-none-eabi/13.2.1/../../../../arm-none-eabi/lib/thumb/v8-m.main+fp/hard\libcr_c.a(alloc.o)
                              ./drivers/fsl_common.o (malloc)
C:/nxp/MCUXpressoIDE_24.12.148/ide/plugins/com.nxp.mcuxpresso.tools.win32_24.12.0.202407110909/tools/bin/../lib/gcc/arm-none-eabi/13.2.1/../../../../arm-none-eabi/lib/thumb/v8-m.main+fp/hard\libcr_c.a(errno.o)
                              ./utilities/str/fsl_str.o (errno)
C:/nxp/MCUXpressoIDE_24.12.148/ide/plugins/com.nxp.mcuxpresso.tools.win32_24.12.0.202407110909/tools/bin/../lib/gcc/arm-none-eabi/13.2.1/../../../../arm-none-eabi/lib/thumb/v8-m.main+fp/hard\libcr_c.a(initio.o)
                              C:/nxp/MCUXpressoIDE_24.12.148/ide/plugins/com.nxp.mcuxpresso.tools.win32_24.12.0.202407110909/tools/bin/../lib/gcc/arm-none-eabi/13.2.1/../../../../arm-none-eabi/lib/thumb/v8-m.main+fp/hard\libcr_nohost_nf.a(_cr__main.o) (_initio)
C:/nxp/MCUXpressoIDE_24.12.148/ide/plugins/com.nxp.mcuxpresso.tools.win32_24.12.0.202407110909/tools/bin/../lib/gcc/arm-none-eabi/13.2.1/../../../../arm-none-eabi/lib/thumb/v8-m.main+fp/hard\libcr_c.a(scanf.o)
                              ./utilities/str/fsl_str.o (strtoul)
C:/nxp/MCUXpressoIDE_24.12.148/ide/plugins/com.nxp.mcuxpresso.tools.win32_24.12.0.202407110909/tools/bin/../lib/gcc/arm-none-eabi/13.2.1/../../../../arm-none-eabi/lib/thumb/v8-m.main+fp/hard\libcr_c.a(setvbuf.o)
                              C:/nxp/MCUXpressoIDE_24.12.148/ide/plugins/com.nxp.mcuxpresso.tools.win32_24.12.0.202407110909/tools/bin/../lib/gcc/arm-none-eabi/13.2.1/../../../../arm-none-eabi/lib/thumb/v8-m.main+fp/hard\libcr_c.a(initio.o) (setvbuf)
C:/nxp/MCUXpressoIDE_24.12.148/ide/plugins/com.nxp.mcuxpresso.tools.win32_24.12.0.202407110909/tools/bin/../lib/gcc/arm-none-eabi/13.2.1/../../../../arm-none-eabi/lib/thumb/v8-m.main+fp/hard\libcr_c.a(strlen.o)
                              ./utilities/str/fsl_str.o (strlen)
C:/nxp/MCUXpressoIDE_24.12.148/ide/plugins/com.nxp.mcuxpresso.tools.win32_24.12.0.202407110909/tools/bin/../lib/gcc/arm-none-eabi/13.2.1/../../../../arm-none-eabi/lib/thumb/v8-m.main+fp/hard\libcr_c.a(ungetc.o)
                              C:/nxp/MCUXpressoIDE_24.12.148/ide/plugins/com.nxp.mcuxpresso.tools.win32_24.12.0.202407110909/tools/bin/../lib/gcc/arm-none-eabi/13.2.1/../../../../arm-none-eabi/lib/thumb/v8-m.main+fp/hard\libcr_c.a(scanf.o) (ungetc)
C:/nxp/MCUXpressoIDE_24.12.148/ide/plugins/com.nxp.mcuxpresso.tools.win32_24.12.0.202407110909/tools/bin/../lib/gcc/arm-none-eabi/13.2.1/../../../../arm-none-eabi/lib/thumb/v8-m.main+fp/hard\libcr_c.a(__fillbuf.o)
                              C:/nxp/MCUXpressoIDE_24.12.148/ide/plugins/com.nxp.mcuxpresso.tools.win32_24.12.0.202407110909/tools/bin/../lib/gcc/arm-none-eabi/13.2.1/../../../../arm-none-eabi/lib/thumb/v8-m.main+fp/hard\libcr_c.a(scanf.o) (__filbuf)
C:/nxp/MCUXpressoIDE_24.12.148/ide/plugins/com.nxp.mcuxpresso.tools.win32_24.12.0.202407110909/tools/bin/../lib/gcc/arm-none-eabi/13.2.1/../../../../arm-none-eabi/lib/thumb/v8-m.main+fp/hard\libcr_c.a(__init_alloc.o)
                              C:/nxp/MCUXpressoIDE_24.12.148/ide/plugins/com.nxp.mcuxpresso.tools.win32_24.12.0.202407110909/tools/bin/../lib/gcc/arm-none-eabi/13.2.1/../../../../arm-none-eabi/lib/thumb/v8-m.main+fp/hard\libcr_c.a(alloc.o) (__heaps)
C:/nxp/MCUXpressoIDE_24.12.148/ide/plugins/com.nxp.mcuxpresso.tools.win32_24.12.0.202407110909/tools/bin/../lib/gcc/arm-none-eabi/13.2.1/../../../../arm-none-eabi/lib/thumb/v8-m.main+fp/hard\libcr_c.a(_cr_sbrk.o)
                              C:/nxp/MCUXpressoIDE_24.12.148/ide/plugins/com.nxp.mcuxpresso.tools.win32_24.12.0.202407110909/tools/bin/../lib/gcc/arm-none-eabi/13.2.1/../../../../arm-none-eabi/lib/thumb/v8-m.main+fp/hard\libcr_c.a(alloc.o) (_sbrk)
C:/nxp/MCUXpressoIDE_24.12.148/ide/plugins/com.nxp.mcuxpresso.tools.win32_24.12.0.202407110909/tools/bin/../lib/gcc/arm-none-eabi/13.2.1/../../../../arm-none-eabi/lib/thumb/v8-m.main+fp/hard\libcr_c.a(_deferredlazyseek.o)
[...]
Memory Configuration

Name             Origin             Length             Attributes
PROGRAM_FLASH0   0x00000000         0x00100000         xr
PROGRAM_FLASH1   0x00100000         0x00100000         xr
SRAM             0x20000000         0x00060000         xrw
SRAMX            0x04000000         0x00018000         xrw
SRAMH            0x20060000         0x00008000         xrw
USB_RAM          0x400ba000         0x00001000         xrw
*default*        0x00000000         0xffffffff

Linker script and memory map

LOAD ./utilities/str/fsl_str.o
LOAD ./utilities/debug_console_lite/fsl_debug_console.o
LOAD ./utilities/fsl_assert.o
LOAD ./utilities/fsl_memcpy.o
LOAD ./startup/boot_multicore_slave.o
LOAD ./startup/startup_mcxn947_cm33_core0.o
LOAD ./source/freertos_hello.o
LOAD ./source/semihost_hardfault.o
LOAD ./freertos/freertos-kernel/portable/MemMang/heap_4.o
LOAD ./freertos/freertos-kernel/portable/GCC/ARM_CM33_NTZ/non_secure/mpu_wrappers_v2_asm.o
LOAD ./freertos/freertos-kernel/portable/GCC/ARM_CM33_NTZ/non_secure/port.o
LOAD ./freertos/freertos-kernel/portable/GCC/ARM_CM33_NTZ/non_secure/portasm.o
LOAD ./freertos/freertos-kernel/croutine.o
LOAD ./freertos/freertos-kernel/event_groups.o
LOAD ./freertos/freertos-kernel/list.o
LOAD ./freertos/freertos-kernel/queue.o
LOAD ./freertos/freertos-kernel/stream_buffer.o
LOAD ./freertos/freertos-kernel/tasks.o
LOAD ./freertos/freertos-kernel/timers.o
LOAD ./drivers/fsl_clock.o
LOAD ./drivers/fsl_common.o
LOAD ./drivers/fsl_common_arm.o
LOAD ./drivers/fsl_gpio.o
LOAD ./drivers/fsl_lpflexcomm.o
LOAD ./drivers/fsl_lpuart.o
LOAD ./drivers/fsl_reset.o
LOAD ./drivers/fsl_spc.o
LOAD ./device/system_MCXN947_cm33_core0.o
LOAD ./component/uart/fsl_adapter_lpuart.o
LOAD ./board/board.o
LOAD ./board/clock_config.o
LOAD ./board/hardware_init.o
LOAD ./board/peripherals.o
LOAD ./board/pin_mux.o
START GROUP
LOAD C:/nxp/MCUXpressoIDE_24.12.148/ide/plugins/com.nxp.mcuxpresso.tools.win32_24.12.0.202407110909/tools/bin/../lib/gcc/arm-none-eabi/13.2.1/../../../../arm-none-eabi/lib/thumb/v8-m.main+fp/hard\libcr_nohost_nf.a
LOAD C:/nxp/MCUXpressoIDE_24.12.148/ide/plugins/com.nxp.mcuxpresso.tools.win32_24.12.0.202407110909/tools/bin/../lib/gcc/arm-none-eabi/13.2.1/../../../../arm-none-eabi/lib/thumb/v8-m.main+fp/hard\libcr_c.a
LOAD C:/nxp/MCUXpressoIDE_24.12.148/ide/plugins/com.nxp.mcuxpresso.tools.win32_24.12.0.202407110909/tools/bin/../lib/gcc/arm-none-eabi/13.2.1/thumb/v8-m.main+fp/hard\libcr_eabihelpers.a
LOAD C:/nxp/MCUXpressoIDE_24.12.148/ide/plugins/com.nxp.mcuxpresso.tools.win32_24.12.0.202407110909/tools/bin/../lib/gcc/arm-none-eabi/13.2.1/thumb/v8-m.main+fp/hard\libgcc.a
END GROUP
                0x00000000                        __base_PROGRAM_FLASH0 = 0x0
                0x00000000                        __base_Flash = 0x0
                0x00100000                        __top_PROGRAM_FLASH0 = 0x100000
                0x00100000                        __top_Flash = 0x100000
                0x00100000                        __base_PROGRAM_FLASH1 = 0x100000
                0x00100000                        __base_Flash2 = 0x100000
                0x00200000                        __top_PROGRAM_FLASH1 = 0x200000
                0x00200000                        __top_Flash2 = 0x200000
                0x20000000                        __base_SRAM = 0x20000000
                0x20000000                        __base_RAM = 0x20000000
                0x20060000                        __top_SRAM = 0x20060000
                0x20060000                        __top_RAM = 0x20060000
                0x04000000                        __base_SRAMX = 0x4000000
                0x04000000                        __base_RAM2 = 0x4000000
                0x04018000                        __top_SRAMX = 0x4018000
                0x04018000                        __top_RAM2 = 0x4018000
                0x20060000                        __base_SRAMH = 0x20060000
                0x20060000                        __base_RAM3 = 0x20060000
                0x20068000                        __top_SRAMH = 0x20068000
                0x20068000                        __top_RAM3 = 0x20068000
                0x400ba000                        __base_USB_RAM = 0x400ba000
                0x400ba000                        __base_RAM4 = 0x400ba000
                0x400bb000                        __top_USB_RAM = 0x400bb000
                0x400bb000                        __top_RAM4 = 0x400bb000

.text_Flash2    0x00100000        0x0
 FILL mask 0xff
 *(SORT_BY_ALIGNMENT(.text_Flash2))
 *(SORT_BY_ALIGNMENT(.text_PROGRAM_FLASH1))
 *(SORT_BY_ALIGNMENT(.text.$Flash2))
 *(SORT_BY_ALIGNMENT(.text.$PROGRAM_FLASH1))
 *(SORT_BY_ALIGNMENT(.text_Flash2.*))
 *(SORT_BY_ALIGNMENT(.text_PROGRAM_FLASH1.*))
 *(SORT_BY_ALIGNMENT(.text.$Flash2.*))
 *(SORT_BY_ALIGNMENT(.text.$PROGRAM_FLASH1.*))
 *(SORT_BY_ALIGNMENT(.rodata.$Flash2))
 *(SORT_BY_ALIGNMENT(.rodata.$PROGRAM_FLASH1))
 *(SORT_BY_ALIGNMENT(.rodata.$Flash2.*))
 *(SORT_BY_ALIGNMENT(.rodata.$PROGRAM_FLASH1.*))

.text           0x00000000     0x5d3c
 FILL mask 0xff
                0x00000000                        __vectors_start__ = ABSOLUTE (.)
 *(SORT_BY_ALIGNMENT(.isr_vector))
 .isr_vector    0x00000000      0x2b0 ./startup/startup_mcxn947_cm33_core0.o
                0x00000000                g_pfnVectors
                0x00000000                __Vectors
                0x000002b0                        . = ALIGN (0x4)
                0x000002b0                        __section_table_start = .
                0x000002b0                        __data_section_table = .
                0x000002b0        0x4 LONG 0x5d3c LOADADDR (.data)
                0x000002b4        0x4 LONG 0x20000000 ADDR (.data)
                0x000002b8        0x4 LONG 0x10 SIZEOF (.data)
                0x000002bc        0x4 LONG 0x5d3c LOADADDR (.data_RAM2)
                0x000002c0        0x4 LONG 0x4000000 ADDR (.data_RAM2)
                0x000002c4        0x4 LONG 0x0 SIZEOF (.data_RAM2)
                0x000002c8        0x4 LONG 0x5d3c LOADADDR (.data_RAM3)
                0x000002cc        0x4 LONG 0x20060000 ADDR (.data_RAM3)
                0x000002d0        0x4 LONG 0x0 SIZEOF (.data_RAM3)
                0x000002d4        0x4 LONG 0x5d3c LOADADDR (.data_RAM4)
                0x000002d8        0x4 LONG 0x400ba000 ADDR (.data_RAM4)
                0x000002dc        0x4 LONG 0x0 SIZEOF (.data_RAM4)
                0x000002e0                        __data_section_table_end = .
                0x000002e0                        __bss_section_table = .
                0x000002e0        0x4 LONG 0x20000010 ADDR (.bss)
                0x000002e4        0x4 LONG 0x2bb0 SIZEOF (.bss)
                0x000002e8        0x4 LONG 0x4000000 ADDR (.bss_RAM2)
                0x000002ec        0x4 LONG 0x0 SIZEOF (.bss_RAM2)
                0x000002f0        0x4 LONG 0x20060000 ADDR (.bss_RAM3)
                0x000002f4        0x4 LONG 0x0 SIZEOF (.bss_RAM3)
                0x000002f8        0x4 LONG 0x400ba000 ADDR (.bss_RAM4)
                0x000002fc        0x4 LONG 0x0 SIZEOF (.bss_RAM4)
                0x00000300                        __bss_section_table_end = .
                0x00000300                        __section_table_end = .
 *(SORT_BY_ALIGNMENT(.after_vectors*))
 .after_vectors.reset
                0x00000300       0x68 ./startup/startup_mcxn947_cm33_core0.o
                0x00000300                ResetISR
 .after_vectors.init_data
                0x00000368       0x1e ./startup/startup_mcxn947_cm33_core0.o
                0x00000368                data_init
 .after_vectors.init_bss
                0x00000386       0x12 ./startup/startup_mcxn947_cm33_core0.o
                0x00000386                bss_init
 .after_vectors
                0x00000398       0x16 ./startup/startup_mcxn947_cm33_core0.o
                0x00000398                NMI_Handler
                0x0000039c                MemManage_Handler
                0x0000039e                BusFault_Handler
                0x000003a0                UsageFault_Handler
                0x000003a2                SecureFault_Handler
                0x000003a6                DebugMon_Handler
                0x000003ac                EMVSIM0_DriverIRQHandler
                0x000003ac                I3C0_DriverIRQHandler
                0x000003ac                USB0_FS_DriverIRQHandler
                0x000003ac                PKC_ERR_DriverIRQHandler
                0x000003ac                QDC1_HOME_DriverIRQHandler
                0x000003ac                EDMA_0_CH5_DriverIRQHandler
                0x000003ac                EDMA_0_CH14_DriverIRQHandler
                0x000003ac                EDMA_1_CH0_DriverIRQHandler
                0x000003ac                SCG_DriverIRQHandler
                0x000003ac                CMC0_DriverIRQHandler
                0x000003ac                EDMA_0_CH15_DriverIRQHandler
                0x000003ac                LPTMR0_DriverIRQHandler
                0x000003ac                EDMA_0_CH2_DriverIRQHandler
                0x000003ac                FLEXPWM1_SUBMODULE1_DriverIRQHandler
                0x000003ac                FLEXPWM0_SUBMODULE1_DriverIRQHandler
                0x000003ac                PINT0_DriverIRQHandler
                0x000003ac                EDMA_1_CH11_DriverIRQHandler
                0x000003ac                FLEXPWM0_RELOAD_ERROR_DriverIRQHandler
                0x000003ac                QDC0_HOME_DriverIRQHandler
                0x000003ac                EDMA_1_CH13_DriverIRQHandler
                0x000003ac                EDMA_1_CH9_DriverIRQHandler
                0x000003ac                SEC_VIO_DriverIRQHandler
                0x000003ac                ERM_MULTI_BIT_ERROR_DriverIRQHandler
                0x000003ac                GPIO31_DriverIRQHandler
                0x000003ac                EWM0_DriverIRQHandler
                0x000003ac                PKC_DriverIRQHandler
                0x000003ac                EDMA_0_CH10_DriverIRQHandler
                0x000003ac                USB1_HS_PHY_DriverIRQHandler
                0x000003ac                QDC0_IDX_DriverIRQHandler
                0x000003ac                ELS_DriverIRQHandler
                0x000003ac                Reserved166_DriverIRQHandler
                0x000003ac                EDMA_1_CH2_DriverIRQHandler
                0x000003ac                ETHERNET_DriverIRQHandler
                0x000003ac                QDC1_IDX_DriverIRQHandler
                0x000003ac                EDMA_1_CH14_DriverIRQHandler
                0x000003ac                FLEXPWM1_SUBMODULE3_DriverIRQHandler
                0x000003ac                EDMA_1_CH7_DriverIRQHandler
                0x000003ac                EDMA_1_CH6_DriverIRQHandler
                0x000003ac                DAC1_DriverIRQHandler
                0x000003ac                CTIMER2_DriverIRQHandler
                0x000003ac                Reserved167_DriverIRQHandler
                0x000003ac                ITRC0_DriverIRQHandler
                0x000003ac                EDMA_0_CH9_DriverIRQHandler
                0x000003ac                ETB0_DriverIRQHandler
                0x000003ac                EDMA_1_CH5_DriverIRQHandler
                0x000003ac                Reserved80_DriverIRQHandler
                0x000003ac                IntDefaultHandler
                0x000003ac                ELS_ERR_DriverIRQHandler
                0x000003ac                FLEXIO_DriverIRQHandler
                0x000003ac                DAC0_DriverIRQHandler
                0x000003ac                MRT0_DriverIRQHandler
                0x000003ac                UTICK0_DriverIRQHandler
                0x000003ac                FLEXPWM0_SUBMODULE2_DriverIRQHandler
                0x000003ac                GPIO01_DriverIRQHandler
                0x000003ac                EDMA_0_CH3_DriverIRQHandler
                0x000003ac                WWDT0_DriverIRQHandler
                0x000003ac                USDHC0_DriverIRQHandler
                0x000003ac                GPIO00_DriverIRQHandler
                0x000003ac                EDMA_0_CH4_DriverIRQHandler
                0x000003ac                GPIO11_DriverIRQHandler
                0x000003ac                CTIMER4_DriverIRQHandler
                0x000003ac                BSP32_DriverIRQHandler
                0x000003ac                FLEXPWM0_FAULT_DriverIRQHandler
                0x000003ac                EDMA_1_CH1_DriverIRQHandler
                0x000003ac                SAI1_DriverIRQHandler
                0x000003ac                ERM_SINGLE_BIT_ERROR_DriverIRQHandler
                0x000003ac                GPIO21_DriverIRQHandler
                0x000003ac                FLEXPWM1_FAULT_DriverIRQHandler
                0x000003ac                GPIO30_DriverIRQHandler
                0x000003ac                CTIMER0_DriverIRQHandler
                0x000003ac                CTIMER1_DriverIRQHandler
                0x000003ac                QDC0_COMPARE_DriverIRQHandler
                0x000003ac                WWDT1_DriverIRQHandler
                0x000003ac                ADC1_DriverIRQHandler
                0x000003ac                PQ_DriverIRQHandler
                0x000003ac                ETHERNET_MACLP_DriverIRQHandler
                0x000003ac                USB0_DCD_DriverIRQHandler
                0x000003ac                EDMA_0_CH11_DriverIRQHandler
                0x000003ac                MAILBOX_DriverIRQHandler
                0x000003ac                WUU_DriverIRQHandler
                0x000003ac                EDMA_0_CH6_DriverIRQHandler
                0x000003ac                CTIMER3_DriverIRQHandler
                0x000003ac                FLEXPWM1_SUBMODULE0_DriverIRQHandler
                0x000003ac                CDOG1_DriverIRQHandler
                0x000003ac                TSI_OUT_OF_SCAN_DriverIRQHandler
                0x000003ac                EDMA_1_CH4_DriverIRQHandler
                0x000003ac                PUF_DriverIRQHandler
                0x000003ac                SPC_DriverIRQHandler
                0x000003ac                RTC_DriverIRQHandler
                0x000003ac                VBAT0_DriverIRQHandler
                0x000003ac                Reserved65_DriverIRQHandler
                0x000003ac                HSCMP2_DriverIRQHandler
                0x000003ac                EDMA_0_CH0_DriverIRQHandler
                0x000003ac                Freqme_DriverIRQHandler
                0x000003ac                PDM_EVENT_DriverIRQHandler
                0x000003ac                ETHERNET_PMT_DriverIRQHandler
                0x000003ac                FLEXPWM1_RELOAD_ERROR_DriverIRQHandler
                0x000003ac                FMU0_DriverIRQHandler
                0x000003ac                QDC1_COMPARE_DriverIRQHandler
                0x000003ac                EDMA_0_CH8_DriverIRQHandler
                0x000003ac                LPTMR1_DriverIRQHandler
                0x000003ac                GPIO40_DriverIRQHandler
                0x000003ac                CTI0_DriverIRQHandler
                0x000003ac                EDMA_1_CH3_DriverIRQHandler
                0x000003ac                EDMA_1_CH15_DriverIRQHandler
                0x000003ac                FLEXPWM1_SUBMODULE2_DriverIRQHandler
                0x000003ac                GPIO20_DriverIRQHandler
                0x000003ac                QDC1_WDG_SAB_DriverIRQHandler
                0x000003ac                EDMA_1_CH8_DriverIRQHandler
                0x000003ac                GDET_DriverIRQHandler
                0x000003ac                PORT_EFT_DriverIRQHandler
                0x000003ac                Reserved85_DriverIRQHandler
                0x000003ac                Reserved81_DriverIRQHandler
                0x000003ac                TSI_END_OF_SCAN_DriverIRQHandler
                0x000003ac                FLEXPWM0_SUBMODULE3_DriverIRQHandler
                0x000003ac                ADC0_DriverIRQHandler
                0x000003ac                OR_DriverIRQHandler
                0x000003ac                EDMA_0_CH13_DriverIRQHandler
                0x000003ac                USB1_HS_DriverIRQHandler
                0x000003ac                EDMA_0_CH1_DriverIRQHandler
                0x000003ac                DAC2_DriverIRQHandler
                0x000003ac                GPIO51_DriverIRQHandler
                0x000003ac                HSCMP0_DriverIRQHandler
                0x000003ac                EDMA_0_CH12_DriverIRQHandler
                0x000003ac                QDC0_WDG_SAB_DriverIRQHandler
                0x000003ac                CDOG0_DriverIRQHandler
                0x000003ac                CAN0_DriverIRQHandler
                0x000003ac                SMARTDMA_DriverIRQHandler
                0x000003ac                SAI0_DriverIRQHandler
                0x000003ac                EMVSIM1_DriverIRQHandler
                0x000003ac                I3C1_DriverIRQHandler
                0x000003ac                EDMA_0_CH7_DriverIRQHandler
                0x000003ac                HSCMP1_DriverIRQHandler
                0x000003ac                EDMA_1_CH10_DriverIRQHandler
                0x000003ac                EDMA_1_CH12_DriverIRQHandler
                0x000003ac                FLEXSPI0_DriverIRQHandler
                0x000003ac                GPIO50_DriverIRQHandler
                0x000003ac                GPIO10_DriverIRQHandler
                0x000003ac                SCT0_DriverIRQHandler
                0x000003ac                CAN1_DriverIRQHandler
                0x000003ac                PLU_DriverIRQHandler
                0x000003ac                FLEXPWM0_SUBMODULE0_DriverIRQHandler
                0x000003ac                OS_EVENT_DriverIRQHandler
                0x000003ac                SINC_FILTER_DriverIRQHandler
                0x000003ac                NPU_DriverIRQHandler
                0x000003ac                GPIO41_DriverIRQHandler
                0x000003ac                SEC_HYPERVISOR_CALL_DriverIRQHandler
 *(SORT_BY_ALIGNMENT(.text*))
 *fill*         0x000003ae        0x2 ff
 .text.DbgConsole_Init
                0x000003b0       0x88 ./utilities/debug_console_lite/fsl_debug_console.o
                0x000003b0                DbgConsole_Init
 .text.DbgConsole_Vprintf
                0x00000438       0x3c ./utilities/debug_console_lite/fsl_debug_console.o
                0x00000438                DbgConsole_Vprintf
 .text.DbgConsole_Putchar
                0x00000474       0x30 ./utilities/debug_console_lite/fsl_debug_console.o
                0x00000474                DbgConsole_Putchar
 .text.DbgConsole_PrintfFormattedData
                0x000004a4      0x3e0 ./utilities/debug_console_lite/fsl_debug_console.o
 .text.__assertion_failed
                0x00000884       0x2c ./utilities/fsl_assert.o
                0x00000884                __assertion_failed
 .text          0x000008b0       0xa0 ./utilities/fsl_memcpy.o
                0x000008b0                memcpy
 .text.main     0x00000950       0x50 ./source/freertos_hello.o
                0x00000950                main
 .text.vUARTTxTask
                0x000009a0       0x70 ./source/freertos_hello.o
                0x000009a0                vUARTTxTask
 .text.pvPortMalloc
                0x00000a10      0x1f8 ./freertos/freertos-kernel/portable/MemMang/heap_4.o
                0x00000a10                pvPortMalloc
 .text.vPortFree
                0x00000c08       0xb8 ./freertos/freertos-kernel/portable/MemMang/heap_4.o
                0x00000c08                vPortFree
 .text.prvHeapInit
                0x00000cc0       0xb4 ./freertos/freertos-kernel/portable/MemMang/heap_4.o
 .text.prvInsertBlockIntoFreeList
                0x00000d74       0xe0 ./freertos/freertos-kernel/portable/MemMang/heap_4.o
 .text.vPortSetupTimerInterrupt
                0x00000e54       0x48 ./freertos/freertos-kernel/portable/GCC/ARM_CM33_NTZ/non_secure/port.o
                0x00000e54                vPortSetupTimerInterrupt
 .text.prvTaskExitError
                0x00000e9c       0x34 ./freertos/freertos-kernel/portable/GCC/ARM_CM33_NTZ/non_secure/port.o
 .text.vPortYield
                0x00000ed0       0x24 ./freertos/freertos-kernel/portable/GCC/ARM_CM33_NTZ/non_secure/port.o
                0x00000ed0                vPortYield
 .text.vPortEnterCritical
                0x00000ef4       0x24 ./freertos/freertos-kernel/portable/GCC/ARM_CM33_NTZ/non_secure/port.o
                0x00000ef4                vPortEnterCritical
 .text.vPortExitCritical
                0x00000f18       0x34 ./freertos/freertos-kernel/portable/GCC/ARM_CM33_NTZ/non_secure/port.o
                0x00000f18                vPortExitCritical
 .text.SysTick_Handler
                0x00000f4c       0x30 ./freertos/freertos-kernel/portable/GCC/ARM_CM33_NTZ/non_secure/port.o
                0x00000f4c                SysTick_Handler
 .text.pxPortInitialiseStack
                0x00000f7c      0x114 ./freertos/freertos-kernel/portable/GCC/ARM_CM33_NTZ/non_secure/port.o
                0x00000f7c                pxPortInitialiseStack
 .text.xPortStartScheduler
                0x00001090      0x120 ./freertos/freertos-kernel/portable/GCC/ARM_CM33_NTZ/non_secure/port.o
                0x00001090                xPortStartScheduler
 .text.vRestoreContextOfFirstTask
                0x000011b0       0x2c ./freertos/freertos-kernel/portable/GCC/ARM_CM33_NTZ/non_secure/portasm.o
                0x000011b0                vRestoreContextOfFirstTask
 .text.vStartFirstTask
                0x000011dc       0x20 ./freertos/freertos-kernel/portable/GCC/ARM_CM33_NTZ/non_secure/portasm.o
                0x000011dc                vStartFirstTask
 .text.PendSV_Handler
                0x000011fc       0x4c ./freertos/freertos-kernel/portable/GCC/ARM_CM33_NTZ/non_secure/portasm.o
                0x000011fc                PendSV_Handler
 .text.SVC_Handler
                0x00001248       0x18 ./freertos/freertos-kernel/portable/GCC/ARM_CM33_NTZ/non_secure/portasm.o
                0x00001248                SVC_Handler
 .text.vQueueAddToRegistry
                0x00001260       0x88 ./freertos/freertos-kernel/queue.o
                0x00001260                vQueueAddToRegistry
 .text.prvAddNewTaskToReadyList
                0x000012e8      0x120 ./freertos/freertos-kernel/tasks.o
 .text.vTaskDelay
                0x00001408       0x48 ./freertos/freertos-kernel/tasks.o
                0x00001408                vTaskDelay
 .text.prvCreateIdleTasks
                0x00001450       0x94 ./freertos/freertos-kernel/tasks.o
 .text.vTaskStartScheduler
                0x000014e4       0x68 ./freertos/freertos-kernel/tasks.o
                0x000014e4                vTaskStartScheduler
 .text.vTaskSuspendAll
                0x0000154c       0x1c ./freertos/freertos-kernel/tasks.o
                0x0000154c                vTaskSuspendAll
 .text.xTaskResumeAll
                0x00001568      0x1f0 ./freertos/freertos-kernel/tasks.o
                0x00001568                xTaskResumeAll
 .text.xTaskGetTickCount
                0x00001758       0x20 ./freertos/freertos-kernel/tasks.o
                0x00001758                xTaskGetTickCount
 .text.xTaskIncrementTick
                0x00001778      0x204 ./freertos/freertos-kernel/tasks.o
                0x00001778                xTaskIncrementTick
 .text.vTaskSwitchContext
                0x0000197c       0xa4 ./freertos/freertos-kernel/tasks.o
                0x0000197c                vTaskSwitchContext
 .text.vTaskPlaceOnEventList
                0x00001a20       0x38 ./freertos/freertos-kernel/tasks.o
                0x00001a20                vTaskPlaceOnEventList
 .text.vTaskPlaceOnEventListRestricted
                0x00001a58       0x7c ./freertos/freertos-kernel/tasks.o
                0x00001a58                vTaskPlaceOnEventListRestricted
 .text.xTaskRemoveFromEventList
                0x00001ad4      0x19c ./freertos/freertos-kernel/tasks.o
                0x00001ad4                xTaskRemoveFromEventList
 .text.vTaskInternalSetTimeOutState
                0x00001c70       0x2c ./freertos/freertos-kernel/tasks.o
                0x00001c70                vTaskInternalSetTimeOutState
 .text.xTaskCheckForTimeOut
                0x00001c9c       0xcc ./freertos/freertos-kernel/tasks.o
                0x00001c9c                xTaskCheckForTimeOut
 .text.vTaskMissedYield
                0x00001d68       0x18 ./freertos/freertos-kernel/tasks.o
                0x00001d68                vTaskMissedYield
 .text.prvIdleTask
                0x00001d80       0x20 ./freertos/freertos-kernel/tasks.o
 .text.prvInitialiseTaskLists
                0x00001da0       0x80 ./freertos/freertos-kernel/tasks.o
 .text.prvCheckTasksWaitingTermination
                0x00001e20       0x5c ./freertos/freertos-kernel/tasks.o
 .text.prvResetNextTaskUnblockTime
                0x00001e7c       0x38 ./freertos/freertos-kernel/tasks.o
 .text.xTaskGetSchedulerState
                0x00001eb4       0x3c ./freertos/freertos-kernel/tasks.o
                0x00001eb4                xTaskGetSchedulerState
 .text.prvAddCurrentTaskToDelayedList
                0x00001ef0      0x10c ./freertos/freertos-kernel/tasks.o
 .text.xTimerCreateTimerTask
                0x00001ffc       0x54 ./freertos/freertos-kernel/timers.o
                0x00001ffc                xTimerCreateTimerTask
 .text.prvProcessExpiredTimer
                0x00002050       0x60 ./freertos/freertos-kernel/timers.o
 .text.prvProcessTimerOrBlockTask
                0x000020b0       0x8c ./freertos/freertos-kernel/timers.o
 .text.prvGetNextExpireTime
                0x0000213c       0x48 ./freertos/freertos-kernel/timers.o
 .text.prvSampleTimeNow
                0x00002184       0x40 ./freertos/freertos-kernel/timers.o
 .text.prvInsertTimerInActiveList
                0x000021c4       0x84 ./freertos/freertos-kernel/timers.o
 .text.prvProcessReceivedCommands
                0x00002248      0x1a0 ./freertos/freertos-kernel/timers.o
 .text.prvSwitchTimerLists
                0x000023e8       0x4c ./freertos/freertos-kernel/timers.o
 .text.prvCheckForValidListAndQueue
                0x00002434       0x6c ./freertos/freertos-kernel/timers.o
 .text.CLOCK_IsPLL0Locked
                0x000024a0       0x28 ./drivers/fsl_clock.o
 .text.CLOCK_SetupFROHFClocking
                0x000024c8       0x9c ./drivers/fsl_clock.o
                0x000024c8                CLOCK_SetupFROHFClocking
 .text.CLOCK_SetPll0MonitorMode
                0x00002564       0x38 ./drivers/fsl_clock.o
                0x00002564                CLOCK_SetPll0MonitorMode
 .text.CLOCK_AttachClk
                0x0000259c       0xb0 ./drivers/fsl_clock.o
                0x0000259c                CLOCK_AttachClk
 .text.CLOCK_SetClkDiv
                0x0000264c       0x54 ./drivers/fsl_clock.o
                0x0000264c                CLOCK_SetClkDiv
 .text.CLOCK_GetPLL0InClockRate
                0x000026a0       0x58 ./drivers/fsl_clock.o
                0x000026a0                CLOCK_GetPLL0InClockRate
 .text.CLOCK_SetPLL0Freq
                0x000026f8      0x10c ./drivers/fsl_clock.o
                0x000026f8                CLOCK_SetPLL0Freq
 .text.CLOCK_GetClk48MFreq
                0x00002804       0x2c ./drivers/fsl_clock.o
 .text.CLOCK_GetExtClkFreq
                0x00002830       0x2c ./drivers/fsl_clock.o
 .text.CLOCK_GetOsc32KFreq
                0x0000285c       0x4c ./drivers/fsl_clock.o
 .text.findPll0PreDiv
                0x000028a8       0x40 ./drivers/fsl_clock.o
 .text.findPll0PostDiv
                0x000028e8       0x60 ./drivers/fsl_clock.o
 .text.findPll0MMult
                0x00002948       0xac ./drivers/fsl_clock.o
 .text.GPIO_GetInstance
                0x000029f4       0x4c ./drivers/fsl_gpio.o
 .text.GPIO_PortClockEnable
                0x00002a40       0x48 ./drivers/fsl_gpio.o
 .text.GPIO_PinInit
                0x00002a88       0x6c ./drivers/fsl_gpio.o
                0x00002a88                GPIO_PinInit
 .text.LP_FLEXCOMM_GetInterruptStatus
                0x00002af4       0x28 ./drivers/fsl_lpflexcomm.o
                0x00002af4                LP_FLEXCOMM_GetInterruptStatus
 .text.LP_FLEXCOMM_SetPeriph
                0x00002b1c       0x94 ./drivers/fsl_lpflexcomm.o
 .text.LP_FLEXCOMM_Init
                0x00002bb0       0x58 ./drivers/fsl_lpflexcomm.o
                0x00002bb0                LP_FLEXCOMM_Init
 .text.LP_FLEXCOMM_CommonIRQHandler
                0x00002c08       0xb8 ./drivers/fsl_lpflexcomm.o
 .text.LPUART_GetInstance
                0x00002cc0       0x4c ./drivers/fsl_lpuart.o
                0x00002cc0                LPUART_GetInstance
 .text.LPUART_Init
                0x00002d0c      0x3b4 ./drivers/fsl_lpuart.o
                0x00002d0c                LPUART_Init
 .text.LPUART_GetDefaultConfig
                0x000030c0       0x8c ./drivers/fsl_lpuart.o
                0x000030c0                LPUART_GetDefaultConfig
 .text.LPUART_GetStatusFlags
                0x0000314c       0x60 ./drivers/fsl_lpuart.o
                0x0000314c                LPUART_GetStatusFlags
 .text.LPUART_ClearStatusFlags
                0x000031ac       0x94 ./drivers/fsl_lpuart.o
                0x000031ac                LPUART_ClearStatusFlags
 .text.LPUART_WriteBlocking
                0x00003240       0x68 ./drivers/fsl_lpuart.o
                0x00003240                LPUART_WriteBlocking
 .text.LPUART_ReadBlocking
                0x000032a8      0x160 ./drivers/fsl_lpuart.o
                0x000032a8                LPUART_ReadBlocking
 .text.RESET_ClearPeripheralReset
                0x00003408       0x64 ./drivers/fsl_reset.o
                0x00003408                RESET_ClearPeripheralReset
 .text.SPC_SetSRAMOperateVoltage
                0x0000346c       0x58 ./drivers/fsl_spc.o
                0x0000346c                SPC_SetSRAMOperateVoltage
 .text.SPC_SetActiveModeCoreLDORegulatorConfig
                0x000034c4       0x94 ./drivers/fsl_spc.o
                0x000034c4                SPC_SetActiveModeCoreLDORegulatorConfig
 .text.SPC_SetActiveModeDCDCRegulatorConfig
                0x00003558       0x68 ./drivers/fsl_spc.o
                0x00003558                SPC_SetActiveModeDCDCRegulatorConfig
 .text.SystemInit
                0x000035c0      0x124 ./device/system_MCXN947_cm33_core0.o
                0x000035c0                SystemInit
 .text.HAL_UartInitCommon
                0x000036e4       0xe4 ./component/uart/fsl_adapter_lpuart.o
 .text.HAL_UartInit
                0x000037c8       0x84 ./component/uart/fsl_adapter_lpuart.o
                0x000037c8                HAL_UartInit
 .text.HAL_UartReceiveBlocking
                0x0000384c       0x6c ./component/uart/fsl_adapter_lpuart.o
                0x0000384c                HAL_UartReceiveBlocking
 .text.HAL_UartSendBlocking
                0x000038b8       0x64 ./component/uart/fsl_adapter_lpuart.o
                0x000038b8                HAL_UartSendBlocking
 .text.BOARD_InitDebugConsole
                0x0000391c       0x38 ./board/board.o
                0x0000391c                BOARD_InitDebugConsole
 .text.BOARD_BootClockPLL150M
                0x00003954       0xec ./board/clock_config.o
                0x00003954                BOARD_BootClockPLL150M
 .text.PORT_SetPinConfig
                0x00003a40       0x38 ./board/pin_mux.o
 .text.BOARD_InitPins
                0x00003a78       0x78 ./board/pin_mux.o
                0x00003a78                BOARD_InitPins
 .text._initio  0x00003af0       0x78 C:/nxp/MCUXpressoIDE_24.12.148/ide/plugins/com.nxp.mcuxpresso.tools.win32_24.12.0.202407110909/tools/bin/../lib/gcc/arm-none-eabi/13.2.1/../../../../arm-none-eabi/lib/thumb/v8-m.main+fp/hard\libcr_c.a(initio.o)
                0x00003af0                _initio
 .text._Cwritebuf
                0x00003b68       0x6c C:/nxp/MCUXpressoIDE_24.12.148/ide/plugins/com.nxp.mcuxpresso.tools.win32_24.12.0.202407110909/tools/bin/../lib/gcc/arm-none-eabi/13.2.1/../../../../arm-none-eabi/lib/thumb/v8-m.main+fp/hard\libcr_c.a(_writebuf.o)
                0x00003b68                _Cwritebuf
 .text.fflush   0x00003bd4       0x3c C:/nxp/MCUXpressoIDE_24.12.148/ide/plugins/com.nxp.mcuxpresso.tools.win32_24.12.0.202407110909/tools/bin/../lib/gcc/arm-none-eabi/13.2.1/../../../../arm-none-eabi/lib/thumb/v8-m.main+fp/hard\libcr_c.a(fflush.o)
                0x00003bd4                fflush
 .text.fseek    0x00003c10       0xf8 C:/nxp/MCUXpressoIDE_24.12.148/ide/plugins/com.nxp.mcuxpresso.tools.win32_24.12.0.202407110909/tools/bin/../lib/gcc/arm-none-eabi/13.2.1/../../../../arm-none-eabi/lib/thumb/v8-m.main+fp/hard\libcr_c.a(fseek.o)
                0x00003c10                fseek
 .text.ftell    0x00003d08       0x44 C:/nxp/MCUXpressoIDE_24.12.148/ide/plugins/com.nxp.mcuxpresso.tools.win32_24.12.0.202407110909/tools/bin/../lib/gcc/arm-none-eabi/13.2.1/../../../../arm-none-eabi/lib/thumb/v8-m.main+fp/hard\libcr_c.a(ftell.o)
                0x00003d08                ftell
 .text.DbgConsole_Printf
                0x00003d4c       0x2c ./utilities/debug_console_lite/fsl_debug_console.o
                0x00003d4c                DbgConsole_Printf
 .text.DbgConsole_PrintfPaddingCharacter
                0x00003d78       0x40 ./utilities/debug_console_lite/fsl_debug_console.o
 .text.DbgConsole_ConvertRadixNumToString
                0x00003db8       0xc2 ./utilities/debug_console_lite/fsl_debug_console.o
 .text.fsl_assert_hook
                0x00003e7a       0x1a ./utilities/fsl_assert.o
                0x00003e7a                fsl_assert_hook
 .text.OR_IRQHandler
                0x00003e94        0x8 ./startup/startup_mcxn947_cm33_core0.o
                0x00003e94                OR_IRQHandler
 .text.EDMA_0_CH0_IRQHandler
                0x00003e9c        0x8 ./startup/startup_mcxn947_cm33_core0.o
                0x00003e9c                EDMA_0_CH0_IRQHandler
 .text.EDMA_0_CH1_IRQHandler
                0x00003ea4        0x8 ./startup/startup_mcxn947_cm33_core0.o
                0x00003ea4                EDMA_0_CH1_IRQHandler
 .text.EDMA_0_CH2_IRQHandler
                0x00003eac        0x8 ./startup/startup_mcxn947_cm33_core0.o
                0x00003eac                EDMA_0_CH2_IRQHandler
 .text.EDMA_0_CH3_IRQHandler
                0x00003eb4        0x8 ./startup/startup_mcxn947_cm33_core0.o
                0x00003eb4                EDMA_0_CH3_IRQHandler
 .text.EDMA_0_CH4_IRQHandler
                0x00003ebc        0x8 ./startup/startup_mcxn947_cm33_core0.o
                0x00003ebc                EDMA_0_CH4_IRQHandler
 .text.EDMA_0_CH5_IRQHandler
                0x00003ec4        0x8 ./startup/startup_mcxn947_cm33_core0.o
                0x00003ec4                EDMA_0_CH5_IRQHandler
 .text.EDMA_0_CH6_IRQHandler
                0x00003ecc        0x8 ./startup/startup_mcxn947_cm33_core0.o
                0x00003ecc                EDMA_0_CH6_IRQHandler
 .text.EDMA_0_CH7_IRQHandler
                0x00003ed4        0x8 ./startup/startup_mcxn947_cm33_core0.o
                0x00003ed4                EDMA_0_CH7_IRQHandler
 .text.EDMA_0_CH8_IRQHandler
                0x00003edc        0x8 ./startup/startup_mcxn947_cm33_core0.o
                0x00003edc                EDMA_0_CH8_IRQHandler
 .text.EDMA_0_CH9_IRQHandler
                0x00003ee4        0x8 ./startup/startup_mcxn947_cm33_core0.o
                0x00003ee4                EDMA_0_CH9_IRQHandler
 .text.EDMA_0_CH10_IRQHandler
                0x00003eec        0x8 ./startup/startup_mcxn947_cm33_core0.o
                0x00003eec                EDMA_0_CH10_IRQHandler
 .text.EDMA_0_CH11_IRQHandler
                0x00003ef4        0x8 ./startup/startup_mcxn947_cm33_core0.o
                0x00003ef4                EDMA_0_CH11_IRQHandler
 .text.EDMA_0_CH12_IRQHandler
                0x00003efc        0x8 ./startup/startup_mcxn947_cm33_core0.o
                0x00003efc                EDMA_0_CH12_IRQHandler
 .text.EDMA_0_CH13_IRQHandler
                0x00003f04        0x8 ./startup/startup_mcxn947_cm33_core0.o
                0x00003f04                EDMA_0_CH13_IRQHandler
 .text.EDMA_0_CH14_IRQHandler
                0x00003f0c        0x8 ./startup/startup_mcxn947_cm33_core0.o
                0x00003f0c                EDMA_0_CH14_IRQHandler
 .text.EDMA_0_CH15_IRQHandler
                0x00003f14        0x8 ./startup/startup_mcxn947_cm33_core0.o
                0x00003f14                EDMA_0_CH15_IRQHandler
 .text.GPIO00_IRQHandler
                0x00003f1c        0x8 ./startup/startup_mcxn947_cm33_core0.o
                0x00003f1c                GPIO00_IRQHandler
 .text.GPIO01_IRQHandler
                0x00003f24        0x8 ./startup/startup_mcxn947_cm33_core0.o
                0x00003f24                GPIO01_IRQHandler
 .text.GPIO10_IRQHandler
                0x00003f2c        0x8 ./startup/startup_mcxn947_cm33_core0.o
                0x00003f2c                GPIO10_IRQHandler
 .text.GPIO11_IRQHandler
                0x00003f34        0x8 ./startup/startup_mcxn947_cm33_core0.o
                0x00003f34                GPIO11_IRQHandler
 .text.GPIO20_IRQHandler
                0x00003f3c        0x8 ./startup/startup_mcxn947_cm33_core0.o
                0x00003f3c                GPIO20_IRQHandler
 .text.GPIO21_IRQHandler
                0x00003f44        0x8 ./startup/startup_mcxn947_cm33_core0.o
                0x00003f44                GPIO21_IRQHandler
 .text.GPIO30_IRQHandler
                0x00003f4c        0x8 ./startup/startup_mcxn947_cm33_core0.o
                0x00003f4c                GPIO30_IRQHandler
 .text.GPIO31_IRQHandler
                0x00003f54        0x8 ./startup/startup_mcxn947_cm33_core0.o
                0x00003f54                GPIO31_IRQHandler
 .text.GPIO40_IRQHandler
                0x00003f5c        0x8 ./startup/startup_mcxn947_cm33_core0.o
                0x00003f5c                GPIO40_IRQHandler
 .text.GPIO41_IRQHandler
                0x00003f64        0x8 ./startup/startup_mcxn947_cm33_core0.o
                0x00003f64                GPIO41_IRQHandler
 .text.GPIO50_IRQHandler
                0x00003f6c        0x8 ./startup/startup_mcxn947_cm33_core0.o
                0x00003f6c                GPIO50_IRQHandler
 .text.GPIO51_IRQHandler
                0x00003f74        0x8 ./startup/startup_mcxn947_cm33_core0.o
                0x00003f74                GPIO51_IRQHandler
 .text.UTICK0_IRQHandler
                0x00003f7c        0x8 ./startup/startup_mcxn947_cm33_core0.o
                0x00003f7c                UTICK0_IRQHandler
 .text.MRT0_IRQHandler
                0x00003f84        0x8 ./startup/startup_mcxn947_cm33_core0.o
                0x00003f84                MRT0_IRQHandler
 .text.CTIMER0_IRQHandler
                0x00003f8c        0x8 ./startup/startup_mcxn947_cm33_core0.o
                0x00003f8c                CTIMER0_IRQHandler
 .text.CTIMER1_IRQHandler
                0x00003f94        0x8 ./startup/startup_mcxn947_cm33_core0.o
                0x00003f94                CTIMER1_IRQHandler
 .text.SCT0_IRQHandler
                0x00003f9c        0x8 ./startup/startup_mcxn947_cm33_core0.o
                0x00003f9c                SCT0_IRQHandler
 .text.CTIMER2_IRQHandler
                0x00003fa4        0x8 ./startup/startup_mcxn947_cm33_core0.o
                0x00003fa4                CTIMER2_IRQHandler
 .text.LP_FLEXCOMM0_IRQHandler
                0x00003fac        0x8 ./startup/startup_mcxn947_cm33_core0.o
                0x00003fac                LP_FLEXCOMM0_IRQHandler
 .text.LP_FLEXCOMM1_IRQHandler
                0x00003fb4        0x8 ./startup/startup_mcxn947_cm33_core0.o
                0x00003fb4                LP_FLEXCOMM1_IRQHandler
 .text.LP_FLEXCOMM2_IRQHandler
                0x00003fbc        0x8 ./startup/startup_mcxn947_cm33_core0.o
                0x00003fbc                LP_FLEXCOMM2_IRQHandler
 .text.LP_FLEXCOMM3_IRQHandler
                0x00003fc4        0x8 ./startup/startup_mcxn947_cm33_core0.o
                0x00003fc4                LP_FLEXCOMM3_IRQHandler
 .text.LP_FLEXCOMM4_IRQHandler
                0x00003fcc        0x8 ./startup/startup_mcxn947_cm33_core0.o
                0x00003fcc                LP_FLEXCOMM4_IRQHandler
 .text.LP_FLEXCOMM5_IRQHandler
                0x00003fd4        0x8 ./startup/startup_mcxn947_cm33_core0.o
                0x00003fd4                LP_FLEXCOMM5_IRQHandler
 .text.LP_FLEXCOMM6_IRQHandler
                0x00003fdc        0x8 ./startup/startup_mcxn947_cm33_core0.o
                0x00003fdc                LP_FLEXCOMM6_IRQHandler
 .text.LP_FLEXCOMM7_IRQHandler
                0x00003fe4        0x8 ./startup/startup_mcxn947_cm33_core0.o
                0x00003fe4                LP_FLEXCOMM7_IRQHandler
 .text.LP_FLEXCOMM8_IRQHandler
                0x00003fec        0x8 ./startup/startup_mcxn947_cm33_core0.o
                0x00003fec                LP_FLEXCOMM8_IRQHandler
 .text.LP_FLEXCOMM9_IRQHandler
                0x00003ff4        0x8 ./startup/startup_mcxn947_cm33_core0.o
                0x00003ff4                LP_FLEXCOMM9_IRQHandler
 .text.ADC0_IRQHandler
                0x00003ffc        0x8 ./startup/startup_mcxn947_cm33_core0.o
                0x00003ffc                ADC0_IRQHandler
 .text.ADC1_IRQHandler
                0x00004004        0x8 ./startup/startup_mcxn947_cm33_core0.o
                0x00004004                ADC1_IRQHandler
 .text.PINT0_IRQHandler
                0x0000400c        0x8 ./startup/startup_mcxn947_cm33_core0.o
                0x0000400c                PINT0_IRQHandler
 .text.PDM_EVENT_IRQHandler
                0x00004014        0x8 ./startup/startup_mcxn947_cm33_core0.o
                0x00004014                PDM_EVENT_IRQHandler
 .text.Reserved65_IRQHandler
                0x0000401c        0x8 ./startup/startup_mcxn947_cm33_core0.o
                0x0000401c                Reserved65_IRQHandler
 .text.USB0_FS_IRQHandler
                0x00004024        0x8 ./startup/startup_mcxn947_cm33_core0.o
                0x00004024                USB0_FS_IRQHandler
 .text.USB0_DCD_IRQHandler
                0x0000402c        0x8 ./startup/startup_mcxn947_cm33_core0.o
                0x0000402c                USB0_DCD_IRQHandler
 .text.RTC_IRQHandler
                0x00004034        0x8 ./startup/startup_mcxn947_cm33_core0.o
                0x00004034                RTC_IRQHandler
 .text.SMARTDMA_IRQHandler
                0x0000403c        0x8 ./startup/startup_mcxn947_cm33_core0.o
                0x0000403c                SMARTDMA_IRQHandler
 .text.MAILBOX_IRQHandler
                0x00004044        0x8 ./startup/startup_mcxn947_cm33_core0.o
                0x00004044                MAILBOX_IRQHandler
 .text.CTIMER3_IRQHandler
                0x0000404c        0x8 ./startup/startup_mcxn947_cm33_core0.o
                0x0000404c                CTIMER3_IRQHandler
 .text.CTIMER4_IRQHandler
                0x00004054        0x8 ./startup/startup_mcxn947_cm33_core0.o
                0x00004054                CTIMER4_IRQHandler
 .text.OS_EVENT_IRQHandler
                0x0000405c        0x8 ./startup/startup_mcxn947_cm33_core0.o
                0x0000405c                OS_EVENT_IRQHandler
 .text.FLEXSPI0_IRQHandler
                0x00004064        0x8 ./startup/startup_mcxn947_cm33_core0.o
                0x00004064                FLEXSPI0_IRQHandler
 .text.SAI0_IRQHandler
                0x0000406c        0x8 ./startup/startup_mcxn947_cm33_core0.o
                0x0000406c                SAI0_IRQHandler
 .text.SAI1_IRQHandler
                0x00004074        0x8 ./startup/startup_mcxn947_cm33_core0.o
                0x00004074                SAI1_IRQHandler
 .text.USDHC0_IRQHandler
                0x0000407c        0x8 ./startup/startup_mcxn947_cm33_core0.o
                0x0000407c                USDHC0_IRQHandler
 .text.CAN0_IRQHandler
                0x00004084        0x8 ./startup/startup_mcxn947_cm33_core0.o
                0x00004084                CAN0_IRQHandler
 .text.CAN1_IRQHandler
                0x0000408c        0x8 ./startup/startup_mcxn947_cm33_core0.o
                0x0000408c                CAN1_IRQHandler
 .text.Reserved80_IRQHandler
                0x00004094        0x8 ./startup/startup_mcxn947_cm33_core0.o
                0x00004094                Reserved80_IRQHandler
 .text.Reserved81_IRQHandler
                0x0000409c        0x8 ./startup/startup_mcxn947_cm33_core0.o
                0x0000409c                Reserved81_IRQHandler
 .text.USB1_HS_PHY_IRQHandler
                0x000040a4        0x8 ./startup/startup_mcxn947_cm33_core0.o
                0x000040a4                USB1_HS_PHY_IRQHandler
 .text.USB1_HS_IRQHandler
                0x000040ac        0x8 ./startup/startup_mcxn947_cm33_core0.o
                0x000040ac                USB1_HS_IRQHandler
 .text.SEC_HYPERVISOR_CALL_IRQHandler
                0x000040b4        0x8 ./startup/startup_mcxn947_cm33_core0.o
                0x000040b4                SEC_HYPERVISOR_CALL_IRQHandler
 .text.Reserved85_IRQHandler
                0x000040bc        0x8 ./startup/startup_mcxn947_cm33_core0.o
                0x000040bc                Reserved85_IRQHandler
 .text.PLU_IRQHandler
                0x000040c4        0x8 ./startup/startup_mcxn947_cm33_core0.o
                0x000040c4                PLU_IRQHandler
 .text.Freqme_IRQHandler
                0x000040cc        0x8 ./startup/startup_mcxn947_cm33_core0.o
                0x000040cc                Freqme_IRQHandler
 .text.SEC_VIO_IRQHandler
                0x000040d4        0x8 ./startup/startup_mcxn947_cm33_core0.o
                0x000040d4                SEC_VIO_IRQHandler
 .text.ELS_IRQHandler
                0x000040dc        0x8 ./startup/startup_mcxn947_cm33_core0.o
                0x000040dc                ELS_IRQHandler
 .text.PKC_IRQHandler
                0x000040e4        0x8 ./startup/startup_mcxn947_cm33_core0.o
                0x000040e4                PKC_IRQHandler
 .text.PUF_IRQHandler
                0x000040ec        0x8 ./startup/startup_mcxn947_cm33_core0.o
                0x000040ec                PUF_IRQHandler
 .text.PQ_IRQHandler
                0x000040f4        0x8 ./startup/startup_mcxn947_cm33_core0.o
                0x000040f4                PQ_IRQHandler
 .text.EDMA_1_CH0_IRQHandler
                0x000040fc        0x8 ./startup/startup_mcxn947_cm33_core0.o
                0x000040fc                EDMA_1_CH0_IRQHandler
 .text.EDMA_1_CH1_IRQHandler
                0x00004104        0x8 ./startup/startup_mcxn947_cm33_core0.o
                0x00004104                EDMA_1_CH1_IRQHandler
 .text.EDMA_1_CH2_IRQHandler
                0x0000410c        0x8 ./startup/startup_mcxn947_cm33_core0.o
                0x0000410c                EDMA_1_CH2_IRQHandler
 .text.EDMA_1_CH3_IRQHandler
                0x00004114        0x8 ./startup/startup_mcxn947_cm33_core0.o
                0x00004114                EDMA_1_CH3_IRQHandler
 .text.EDMA_1_CH4_IRQHandler
                0x0000411c        0x8 ./startup/startup_mcxn947_cm33_core0.o
                0x0000411c                EDMA_1_CH4_IRQHandler
 .text.EDMA_1_CH5_IRQHandler
                0x00004124        0x8 ./startup/startup_mcxn947_cm33_core0.o
                0x00004124                EDMA_1_CH5_IRQHandler
 .text.EDMA_1_CH6_IRQHandler
                0x0000412c        0x8 ./startup/startup_mcxn947_cm33_core0.o
                0x0000412c                EDMA_1_CH6_IRQHandler
 .text.EDMA_1_CH7_IRQHandler
                0x00004134        0x8 ./startup/startup_mcxn947_cm33_core0.o
                0x00004134                EDMA_1_CH7_IRQHandler
 .text.EDMA_1_CH8_IRQHandler
                0x0000413c        0x8 ./startup/startup_mcxn947_cm33_core0.o
                0x0000413c                EDMA_1_CH8_IRQHandler
 .text.EDMA_1_CH9_IRQHandler
                0x00004144        0x8 ./startup/startup_mcxn947_cm33_core0.o
                0x00004144                EDMA_1_CH9_IRQHandler
 .text.EDMA_1_CH10_IRQHandler
                0x0000414c        0x8 ./startup/startup_mcxn947_cm33_core0.o
                0x0000414c                EDMA_1_CH10_IRQHandler
 .text.EDMA_1_CH11_IRQHandler
                0x00004154        0x8 ./startup/startup_mcxn947_cm33_core0.o
                0x00004154                EDMA_1_CH11_IRQHandler
 .text.EDMA_1_CH12_IRQHandler
                0x0000415c        0x8 ./startup/startup_mcxn947_cm33_core0.o
                0x0000415c                EDMA_1_CH12_IRQHandler
 .text.EDMA_1_CH13_IRQHandler
                0x00004164        0x8 ./startup/startup_mcxn947_cm33_core0.o
                0x00004164                EDMA_1_CH13_IRQHandler
 .text.EDMA_1_CH14_IRQHandler
                0x0000416c        0x8 ./startup/startup_mcxn947_cm33_core0.o
                0x0000416c                EDMA_1_CH14_IRQHandler
 .text.EDMA_1_CH15_IRQHandler
                0x00004174        0x8 ./startup/startup_mcxn947_cm33_core0.o
                0x00004174                EDMA_1_CH15_IRQHandler
 .text.CDOG0_IRQHandler
                0x0000417c        0x8 ./startup/startup_mcxn947_cm33_core0.o
                0x0000417c                CDOG0_IRQHandler
 .text.CDOG1_IRQHandler
                0x00004184        0x8 ./startup/startup_mcxn947_cm33_core0.o
                0x00004184                CDOG1_IRQHandler
 .text.I3C0_IRQHandler
                0x0000418c        0x8 ./startup/startup_mcxn947_cm33_core0.o
                0x0000418c                I3C0_IRQHandler
 .text.I3C1_IRQHandler
                0x00004194        0x8 ./startup/startup_mcxn947_cm33_core0.o
                0x00004194                I3C1_IRQHandler
 .text.NPU_IRQHandler
                0x0000419c        0x8 ./startup/startup_mcxn947_cm33_core0.o
                0x0000419c                NPU_IRQHandler
 .text.GDET_IRQHandler
                0x000041a4        0x8 ./startup/startup_mcxn947_cm33_core0.o
                0x000041a4                GDET_IRQHandler
 .text.VBAT0_IRQHandler
                0x000041ac        0x8 ./startup/startup_mcxn947_cm33_core0.o
                0x000041ac                VBAT0_IRQHandler
 .text.EWM0_IRQHandler
                0x000041b4        0x8 ./startup/startup_mcxn947_cm33_core0.o
                0x000041b4                EWM0_IRQHandler
 .text.TSI_END_OF_SCAN_IRQHandler
                0x000041bc        0x8 ./startup/startup_mcxn947_cm33_core0.o
                0x000041bc                TSI_END_OF_SCAN_IRQHandler
 .text.TSI_OUT_OF_SCAN_IRQHandler
                0x000041c4        0x8 ./startup/startup_mcxn947_cm33_core0.o
                0x000041c4                TSI_OUT_OF_SCAN_IRQHandler
 .text.EMVSIM0_IRQHandler
                0x000041cc        0x8 ./startup/startup_mcxn947_cm33_core0.o
                0x000041cc                EMVSIM0_IRQHandler
 .text.EMVSIM1_IRQHandler
                0x000041d4        0x8 ./startup/startup_mcxn947_cm33_core0.o
                0x000041d4                EMVSIM1_IRQHandler
 .text.FLEXIO_IRQHandler
                0x000041dc        0x8 ./startup/startup_mcxn947_cm33_core0.o
                0x000041dc                FLEXIO_IRQHandler
 .text.DAC0_IRQHandler
                0x000041e4        0x8 ./startup/startup_mcxn947_cm33_core0.o
                0x000041e4                DAC0_IRQHandler
 .text.DAC1_IRQHandler
                0x000041ec        0x8 ./startup/startup_mcxn947_cm33_core0.o
                0x000041ec                DAC1_IRQHandler
 .text.DAC2_IRQHandler
                0x000041f4        0x8 ./startup/startup_mcxn947_cm33_core0.o
                0x000041f4                DAC2_IRQHandler
 .text.HSCMP0_IRQHandler
                0x000041fc        0x8 ./startup/startup_mcxn947_cm33_core0.o
                0x000041fc                HSCMP0_IRQHandler
 .text.HSCMP1_IRQHandler
                0x00004204        0x8 ./startup/startup_mcxn947_cm33_core0.o
                0x00004204                HSCMP1_IRQHandler
 .text.HSCMP2_IRQHandler
                0x0000420c        0x8 ./startup/startup_mcxn947_cm33_core0.o
                0x0000420c                HSCMP2_IRQHandler
 .text.FLEXPWM0_RELOAD_ERROR_IRQHandler
                0x00004214        0x8 ./startup/startup_mcxn947_cm33_core0.o
                0x00004214                FLEXPWM0_RELOAD_ERROR_IRQHandler
 .text.FLEXPWM0_FAULT_IRQHandler
                0x0000421c        0x8 ./startup/startup_mcxn947_cm33_core0.o
                0x0000421c                FLEXPWM0_FAULT_IRQHandler
 .text.FLEXPWM0_SUBMODULE0_IRQHandler
                0x00004224        0x8 ./startup/startup_mcxn947_cm33_core0.o
                0x00004224                FLEXPWM0_SUBMODULE0_IRQHandler
 .text.FLEXPWM0_SUBMODULE1_IRQHandler
                0x0000422c        0x8 ./startup/startup_mcxn947_cm33_core0.o
                0x0000422c                FLEXPWM0_SUBMODULE1_IRQHandler
 .text.FLEXPWM0_SUBMODULE2_IRQHandler
                0x00004234        0x8 ./startup/startup_mcxn947_cm33_core0.o
                0x00004234                FLEXPWM0_SUBMODULE2_IRQHandler
 .text.FLEXPWM0_SUBMODULE3_IRQHandler
                0x0000423c        0x8 ./startup/startup_mcxn947_cm33_core0.o
                0x0000423c                FLEXPWM0_SUBMODULE3_IRQHandler
 .text.FLEXPWM1_RELOAD_ERROR_IRQHandler
                0x00004244        0x8 ./startup/startup_mcxn947_cm33_core0.o
                0x00004244                FLEXPWM1_RELOAD_ERROR_IRQHandler
 .text.FLEXPWM1_FAULT_IRQHandler
                0x0000424c        0x8 ./startup/startup_mcxn947_cm33_core0.o
                0x0000424c                FLEXPWM1_FAULT_IRQHandler
 .text.FLEXPWM1_SUBMODULE0_IRQHandler
                0x00004254        0x8 ./startup/startup_mcxn947_cm33_core0.o
                0x00004254                FLEXPWM1_SUBMODULE0_IRQHandler
 .text.FLEXPWM1_SUBMODULE1_IRQHandler
                0x0000425c        0x8 ./startup/startup_mcxn947_cm33_core0.o
                0x0000425c                FLEXPWM1_SUBMODULE1_IRQHandler
 .text.FLEXPWM1_SUBMODULE2_IRQHandler
                0x00004264        0x8 ./startup/startup_mcxn947_cm33_core0.o
                0x00004264                FLEXPWM1_SUBMODULE2_IRQHandler
 .text.FLEXPWM1_SUBMODULE3_IRQHandler
                0x0000426c        0x8 ./startup/startup_mcxn947_cm33_core0.o
                0x0000426c                FLEXPWM1_SUBMODULE3_IRQHandler
 .text.QDC0_COMPARE_IRQHandler
                0x00004274        0x8 ./startup/startup_mcxn947_cm33_core0.o
                0x00004274                QDC0_COMPARE_IRQHandler
 .text.QDC0_HOME_IRQHandler
                0x0000427c        0x8 ./startup/startup_mcxn947_cm33_core0.o
                0x0000427c                QDC0_HOME_IRQHandler
 .text.QDC0_WDG_SAB_IRQHandler
                0x00004284        0x8 ./startup/startup_mcxn947_cm33_core0.o
                0x00004284                QDC0_WDG_SAB_IRQHandler
 .text.QDC0_IDX_IRQHandler
                0x0000428c        0x8 ./startup/startup_mcxn947_cm33_core0.o
                0x0000428c                QDC0_IDX_IRQHandler
 .text.QDC1_COMPARE_IRQHandler
                0x00004294        0x8 ./startup/startup_mcxn947_cm33_core0.o
                0x00004294                QDC1_COMPARE_IRQHandler
 .text.QDC1_HOME_IRQHandler
                0x0000429c        0x8 ./startup/startup_mcxn947_cm33_core0.o
                0x0000429c                QDC1_HOME_IRQHandler
 .text.QDC1_WDG_SAB_IRQHandler
                0x000042a4        0x8 ./startup/startup_mcxn947_cm33_core0.o
                0x000042a4                QDC1_WDG_SAB_IRQHandler
 .text.QDC1_IDX_IRQHandler
                0x000042ac        0x8 ./startup/startup_mcxn947_cm33_core0.o
                0x000042ac                QDC1_IDX_IRQHandler
 .text.ITRC0_IRQHandler
                0x000042b4        0x8 ./startup/startup_mcxn947_cm33_core0.o
                0x000042b4                ITRC0_IRQHandler
 .text.BSP32_IRQHandler
                0x000042bc        0x8 ./startup/startup_mcxn947_cm33_core0.o
                0x000042bc                BSP32_IRQHandler
 .text.ELS_ERR_IRQHandler
                0x000042c4        0x8 ./startup/startup_mcxn947_cm33_core0.o
                0x000042c4                ELS_ERR_IRQHandler
 .text.PKC_ERR_IRQHandler
                0x000042cc        0x8 ./startup/startup_mcxn947_cm33_core0.o
                0x000042cc                PKC_ERR_IRQHandler
 .text.ERM_SINGLE_BIT_ERROR_IRQHandler
                0x000042d4        0x8 ./startup/startup_mcxn947_cm33_core0.o
                0x000042d4                ERM_SINGLE_BIT_ERROR_IRQHandler
 .text.ERM_MULTI_BIT_ERROR_IRQHandler
                0x000042dc        0x8 ./startup/startup_mcxn947_cm33_core0.o
                0x000042dc                ERM_MULTI_BIT_ERROR_IRQHandler
 .text.FMU0_IRQHandler
                0x000042e4        0x8 ./startup/startup_mcxn947_cm33_core0.o
                0x000042e4                FMU0_IRQHandler
 .text.ETHERNET_IRQHandler
                0x000042ec        0x8 ./startup/startup_mcxn947_cm33_core0.o
                0x000042ec                ETHERNET_IRQHandler
 .text.ETHERNET_PMT_IRQHandler
                0x000042f4        0x8 ./startup/startup_mcxn947_cm33_core0.o
                0x000042f4                ETHERNET_PMT_IRQHandler
 .text.ETHERNET_MACLP_IRQHandler
                0x000042fc        0x8 ./startup/startup_mcxn947_cm33_core0.o
                0x000042fc                ETHERNET_MACLP_IRQHandler
 .text.SINC_FILTER_IRQHandler
                0x00004304        0x8 ./startup/startup_mcxn947_cm33_core0.o
                0x00004304                SINC_FILTER_IRQHandler
 .text.LPTMR0_IRQHandler
                0x0000430c        0x8 ./startup/startup_mcxn947_cm33_core0.o
                0x0000430c                LPTMR0_IRQHandler
 .text.LPTMR1_IRQHandler
                0x00004314        0x8 ./startup/startup_mcxn947_cm33_core0.o
                0x00004314                LPTMR1_IRQHandler
 .text.SCG_IRQHandler
                0x0000431c        0x8 ./startup/startup_mcxn947_cm33_core0.o
                0x0000431c                SCG_IRQHandler
 .text.SPC_IRQHandler
                0x00004324        0x8 ./startup/startup_mcxn947_cm33_core0.o
                0x00004324                SPC_IRQHandler
 .text.WUU_IRQHandler
                0x0000432c        0x8 ./startup/startup_mcxn947_cm33_core0.o
                0x0000432c                WUU_IRQHandler
 .text.PORT_EFT_IRQHandler
                0x00004334        0x8 ./startup/startup_mcxn947_cm33_core0.o
                0x00004334                PORT_EFT_IRQHandler
 .text.ETB0_IRQHandler
                0x0000433c        0x8 ./startup/startup_mcxn947_cm33_core0.o
                0x0000433c                ETB0_IRQHandler
 .text.Reserved166_IRQHandler
                0x00004344        0x8 ./startup/startup_mcxn947_cm33_core0.o
                0x00004344                Reserved166_IRQHandler
 .text.Reserved167_IRQHandler
                0x0000434c        0x8 ./startup/startup_mcxn947_cm33_core0.o
                0x0000434c                Reserved167_IRQHandler
 .text.WWDT0_IRQHandler
                0x00004354        0x8 ./startup/startup_mcxn947_cm33_core0.o
                0x00004354                WWDT0_IRQHandler
 .text.WWDT1_IRQHandler
                0x0000435c        0x8 ./startup/startup_mcxn947_cm33_core0.o
                0x0000435c                WWDT1_IRQHandler
 .text.CMC0_IRQHandler
                0x00004364        0x8 ./startup/startup_mcxn947_cm33_core0.o
                0x00004364                CMC0_IRQHandler
 .text.CTI0_IRQHandler
                0x0000436c        0x8 ./startup/startup_mcxn947_cm33_core0.o
                0x0000436c                CTI0_IRQHandler
 .text.GPIO_PinWrite
                0x00004374       0x36 ./source/freertos_hello.o
 .text.HardFault_Handler
                0x000043aa       0x36 ./source/semihost_hardfault.o
                0x000043aa                HardFault_Handler
 .text.vPortSVCHandler_C
                0x000043e0       0x30 ./freertos/freertos-kernel/portable/GCC/ARM_CM33_NTZ/non_secure/port.o
                0x000043e0                vPortSVCHandler_C
 .text.ulSetInterruptMask
                0x00004410       0x1a ./freertos/freertos-kernel/portable/GCC/ARM_CM33_NTZ/non_secure/portasm.o
                0x00004410                ulSetInterruptMask
 .text.vClearInterruptMask
                0x0000442a       0x10 ./freertos/freertos-kernel/portable/GCC/ARM_CM33_NTZ/non_secure/portasm.o
                0x0000442a                vClearInterruptMask
 .text.vListInitialise
                0x0000443a       0x40 ./freertos/freertos-kernel/list.o
                0x0000443a                vListInitialise
 .text.vListInitialiseItem
                0x0000447a       0x1a ./freertos/freertos-kernel/list.o
                0x0000447a                vListInitialiseItem
 .text.vListInsert
                0x00004494       0x72 ./freertos/freertos-kernel/list.o
                0x00004494                vListInsert
 .text.uxListRemove
                0x00004506       0x54 ./freertos/freertos-kernel/list.o
                0x00004506                uxListRemove
 .text.xQueueGenericReset
                0x0000455a       0xee ./freertos/freertos-kernel/queue.o
                0x0000455a                xQueueGenericReset
 .text.xQueueGenericCreate
                0x00004648       0x8c ./freertos/freertos-kernel/queue.o
                0x00004648                xQueueGenericCreate
 .text.prvInitialiseNewQueue
                0x000046d4       0x46 ./freertos/freertos-kernel/queue.o
 .text.xQueueReceive
                0x0000471a      0x172 ./freertos/freertos-kernel/queue.o
                0x0000471a                xQueueReceive
 .text.prvCopyDataFromQueue
                0x0000488c       0x4c ./freertos/freertos-kernel/queue.o
 .text.prvUnlockQueue
                0x000048d8       0xa4 ./freertos/freertos-kernel/queue.o
 .text.prvIsQueueEmpty
                0x0000497c       0x2c ./freertos/freertos-kernel/queue.o
 .text.vQueueWaitForMessageRestricted
                0x000049a8       0x68 ./freertos/freertos-kernel/queue.o
                0x000049a8                vQueueWaitForMessageRestricted
 .text.prvCreateTask
                0x00004a10       0x78 ./freertos/freertos-kernel/tasks.o
 .text.xTaskCreate
                0x00004a88       0x46 ./freertos/freertos-kernel/tasks.o
                0x00004a88                xTaskCreate
 .text.prvInitialiseNewTask
                0x00004ace      0x100 ./freertos/freertos-kernel/tasks.o
 .text.prvDeleteTCB
                0x00004bce       0x20 ./freertos/freertos-kernel/tasks.o
 .text.prvReloadTimer
                0x00004bee       0x42 ./freertos/freertos-kernel/timers.o
 .text.prvTimerTask
                0x00004c30       0x24 ./freertos/freertos-kernel/timers.o
 .text.CLOCK_GetPll0OutFreq
                0x00004c54       0x82 ./drivers/fsl_clock.o
                0x00004c54                CLOCK_GetPll0OutFreq
 .text.CLOCK_EnableClock
                0x00004cd6       0x8c ./drivers/fsl_gpio.o
 .text.CLOCK_DisableClock
                0x00004d62       0xb0 ./drivers/fsl_gpio.o
 .text.GPIO_PinWrite
                0x00004e12       0x36 ./drivers/fsl_gpio.o
 .text.CLOCK_EnableClock
                0x00004e48       0x8c ./drivers/fsl_lpflexcomm.o
 .text.LP_FLEXCOMM_PeripheralIsPresent
                0x00004ed4       0x52 ./drivers/fsl_lpflexcomm.o
 .text.LP_FLEXCOMM0_DriverIRQHandler
                0x00004f26        0xe ./drivers/fsl_lpflexcomm.o
                0x00004f26                LP_FLEXCOMM0_DriverIRQHandler
 .text.LP_FLEXCOMM1_DriverIRQHandler
                0x00004f34        0xe ./drivers/fsl_lpflexcomm.o
                0x00004f34                LP_FLEXCOMM1_DriverIRQHandler
 .text.LP_FLEXCOMM2_DriverIRQHandler
                0x00004f42        0xe ./drivers/fsl_lpflexcomm.o
                0x00004f42                LP_FLEXCOMM2_DriverIRQHandler
 .text.LP_FLEXCOMM3_DriverIRQHandler
                0x00004f50        0xe ./drivers/fsl_lpflexcomm.o
                0x00004f50                LP_FLEXCOMM3_DriverIRQHandler
 .text.LP_FLEXCOMM4_DriverIRQHandler
                0x00004f5e        0xe ./drivers/fsl_lpflexcomm.o
                0x00004f5e                LP_FLEXCOMM4_DriverIRQHandler
 .text.LP_FLEXCOMM5_DriverIRQHandler
                0x00004f6c        0xe ./drivers/fsl_lpflexcomm.o
                0x00004f6c                LP_FLEXCOMM5_DriverIRQHandler
 .text.LP_FLEXCOMM6_DriverIRQHandler
                0x00004f7a        0xe ./drivers/fsl_lpflexcomm.o
                0x00004f7a                LP_FLEXCOMM6_DriverIRQHandler
 .text.LP_FLEXCOMM7_DriverIRQHandler
                0x00004f88        0xe ./drivers/fsl_lpflexcomm.o
                0x00004f88                LP_FLEXCOMM7_DriverIRQHandler
 .text.LP_FLEXCOMM8_DriverIRQHandler
                0x00004f96        0xe ./drivers/fsl_lpflexcomm.o
                0x00004f96                LP_FLEXCOMM8_DriverIRQHandler
 .text.LP_FLEXCOMM9_DriverIRQHandler
                0x00004fa4        0xe ./drivers/fsl_lpflexcomm.o
                0x00004fa4                LP_FLEXCOMM9_DriverIRQHandler
 .text.LPUART_SoftwareReset
                0x00004fb2       0x2c ./drivers/fsl_lpuart.o
 .text.SPC_GetActiveModeBandgapMode
                0x00004fde       0x22 ./drivers/fsl_spc.o
 .text.SPC_GetActiveModeVoltageDetectStatus
                0x00005000       0x22 ./drivers/fsl_spc.o
 .text.SPC_GetActiveModeCoreLDOVDDVoltageLevel
                0x00005022       0x22 ./drivers/fsl_spc.o
 .text.SPC_GetActiveModeCoreLDODriveStrength
                0x00005044       0x22 ./drivers/fsl_spc.o
 .text.SPC_SetActiveModeDCDCRegulatorVoltageLevel
                0x00005066       0x32 ./drivers/fsl_spc.o
 .text.SPC_SetActiveModeCoreLDORegulatorVoltageLevel
                0x00005098       0x60 ./drivers/fsl_spc.o
                0x00005098                SPC_SetActiveModeCoreLDORegulatorVoltageLevel
 .text.SPC_SetActiveModeCoreLDORegulatorDriveStrength
                0x000050f8       0x5e ./drivers/fsl_spc.o
                0x000050f8                SPC_SetActiveModeCoreLDORegulatorDriveStrength
 .text.SPC_SetActiveModeDCDCRegulatorDriveStrength
                0x00005156       0x48 ./drivers/fsl_spc.o
                0x00005156                SPC_SetActiveModeDCDCRegulatorDriveStrength
 .text.SystemInitHook
                0x0000519e        0xe ./device/system_MCXN947_cm33_core0.o
                0x0000519e                SystemInitHook
 .text.HAL_UartGetStatus
                0x000051ac       0x28 ./component/uart/fsl_adapter_lpuart.o
 .text.CLOCK_EnableClock
                0x000051d4       0x8c ./board/clock_config.o
 .text.BOARD_InitBootClocks
                0x00005260        0xc ./board/clock_config.o
                0x00005260                BOARD_InitBootClocks
 .text.CLOCK_EnableClock
                0x0000526c       0x8c ./board/pin_mux.o
 .text.PORT_SetPinMux
                0x000052f8       0x3e ./board/pin_mux.o
 .text.BOARD_InitBootPins
                0x00005336        0xc ./board/pin_mux.o
                0x00005336                BOARD_InitBootPins
 .text.__main   0x00005342        0xe C:/nxp/MCUXpressoIDE_24.12.148/ide/plugins/com.nxp.mcuxpresso.tools.win32_24.12.0.202407110909/tools/bin/../lib/gcc/arm-none-eabi/13.2.1/../../../../arm-none-eabi/lib/thumb/v8-m.main+fp/hard\libcr_nohost_nf.a(_cr__main.o)
                0x00005342                __main
 .text.memset   0x00005350        0x4 C:/nxp/MCUXpressoIDE_24.12.148/ide/plugins/com.nxp.mcuxpresso.tools.win32_24.12.0.202407110909/tools/bin/../lib/gcc/arm-none-eabi/13.2.1/../../../../arm-none-eabi/lib/thumb/v8-m.main+fp/hard\libcr_c.a(memset.o)
                0x00005350                memset
 .text.free     0x00005354       0x30 C:/nxp/MCUXpressoIDE_24.12.148/ide/plugins/com.nxp.mcuxpresso.tools.win32_24.12.0.202407110909/tools/bin/../lib/gcc/arm-none-eabi/13.2.1/../../../../arm-none-eabi/lib/thumb/v8-m.main+fp/hard\libcr_c.a(alloc.o)
                0x00005354                free
 .text.setvbuf  0x00005384       0x3e C:/nxp/MCUXpressoIDE_24.12.148/ide/plugins/com.nxp.mcuxpresso.tools.win32_24.12.0.202407110909/tools/bin/../lib/gcc/arm-none-eabi/13.2.1/../../../../arm-none-eabi/lib/thumb/v8-m.main+fp/hard\libcr_c.a(setvbuf.o)
                0x00005384                setvbuf
 .text.strlen   0x000053c2       0x4e C:/nxp/MCUXpressoIDE_24.12.148/ide/plugins/com.nxp.mcuxpresso.tools.win32_24.12.0.202407110909/tools/bin/../lib/gcc/arm-none-eabi/13.2.1/../../../../arm-none-eabi/lib/thumb/v8-m.main+fp/hard\libcr_c.a(strlen.o)
                0x000053c2                strlen
 .text._deferredlazyseek
                0x00005410       0x40 C:/nxp/MCUXpressoIDE_24.12.148/ide/plugins/com.nxp.mcuxpresso.tools.win32_24.12.0.202407110909/tools/bin/../lib/gcc/arm-none-eabi/13.2.1/../../../../arm-none-eabi/lib/thumb/v8-m.main+fp/hard\libcr_c.a(_deferredlazyseek.o)
                0x00005410                _deferredlazyseek
 .text._fdopen  0x00005450       0x68 C:/nxp/MCUXpressoIDE_24.12.148/ide/plugins/com.nxp.mcuxpresso.tools.win32_24.12.0.202407110909/tools/bin/../lib/gcc/arm-none-eabi/13.2.1/../../../../arm-none-eabi/lib/thumb/v8-m.main+fp/hard\libcr_c.a(_fdopen.o)
                0x00005450                _fdopen
 .text._fflush  0x000054b8       0x52 C:/nxp/MCUXpressoIDE_24.12.148/ide/plugins/com.nxp.mcuxpresso.tools.win32_24.12.0.202407110909/tools/bin/../lib/gcc/arm-none-eabi/13.2.1/../../../../arm-none-eabi/lib/thumb/v8-m.main+fp/hard\libcr_c.a(_fflush.o)
                0x000054b8                _fflush
 .text.fclose   0x0000550a       0x58 C:/nxp/MCUXpressoIDE_24.12.148/ide/plugins/com.nxp.mcuxpresso.tools.win32_24.12.0.202407110909/tools/bin/../lib/gcc/arm-none-eabi/13.2.1/../../../../arm-none-eabi/lib/thumb/v8-m.main+fp/hard\libcr_c.a(fclose.o)
                0x0000550a                fclose
 .text.remove   0x00005562       0x14 C:/nxp/MCUXpressoIDE_24.12.148/ide/plugins/com.nxp.mcuxpresso.tools.win32_24.12.0.202407110909/tools/bin/../lib/gcc/arm-none-eabi/13.2.1/../../../../arm-none-eabi/lib/thumb/v8-m.main+fp/hard\libcr_c.a(remove.o)
                0x00005562                remove
 .text._do_fflush
                0x00005576       0x40 C:/nxp/MCUXpressoIDE_24.12.148/ide/plugins/com.nxp.mcuxpresso.tools.win32_24.12.0.202407110909/tools/bin/../lib/gcc/arm-none-eabi/13.2.1/../../../../arm-none-eabi/lib/thumb/v8-m.main+fp/hard\libcr_c.a(_do_fflush.o)
                0x00005576                _do_fflush
 .text.__aeabi_f2ulz
                0x000055b6       0x3e C:/nxp/MCUXpressoIDE_24.12.148/ide/plugins/com.nxp.mcuxpresso.tools.win32_24.12.0.202407110909/tools/bin/../lib/gcc/arm-none-eabi/13.2.1/thumb/v8-m.main+fp/hard\libcr_eabihelpers.a(float.o)
                0x000055b6                __aeabi_f2ulz
 .text.__aeabi_memset_lowlevel
                0x000055f4       0x32 C:/nxp/MCUXpressoIDE_24.12.148/ide/plugins/com.nxp.mcuxpresso.tools.win32_24.12.0.202407110909/tools/bin/../lib/gcc/arm-none-eabi/13.2.1/thumb/v8-m.main+fp/hard\libcr_eabihelpers.a(memcpy.o)
                0x000055f4                __aeabi_lowlevel_memset
 .text.__sys_close
                0x00005626        0x6 C:/nxp/MCUXpressoIDE_24.12.148/ide/plugins/com.nxp.mcuxpresso.tools.win32_24.12.0.202407110909/tools/bin/../lib/gcc/arm-none-eabi/13.2.1/../../../../arm-none-eabi/lib/thumb/v8-m.main+fp/hard\libcr_nohost_nf.a(__sys_close.o)
                0x00005626                __sys_close
 .text.__sys_flen
                0x0000562c        0x6 C:/nxp/MCUXpressoIDE_24.12.148/ide/plugins/com.nxp.mcuxpresso.tools.win32_24.12.0.202407110909/tools/bin/../lib/gcc/arm-none-eabi/13.2.1/../../../../arm-none-eabi/lib/thumb/v8-m.main+fp/hard\libcr_nohost_nf.a(__sys_flen.o)
                0x0000562c                __sys_flen
 .text.__sys_istty
                0x00005632        0x6 C:/nxp/MCUXpressoIDE_24.12.148/ide/plugins/com.nxp.mcuxpresso.tools.win32_24.12.0.202407110909/tools/bin/../lib/gcc/arm-none-eabi/13.2.1/../../../../arm-none-eabi/lib/thumb/v8-m.main+fp/hard\libcr_nohost_nf.a(__sys_istty.o)
                0x00005632                __sys_istty
 .text.__sys_remove
                0x00005638        0x6 C:/nxp/MCUXpressoIDE_24.12.148/ide/plugins/com.nxp.mcuxpresso.tools.win32_24.12.0.202407110909/tools/bin/../lib/gcc/arm-none-eabi/13.2.1/../../../../arm-none-eabi/lib/thumb/v8-m.main+fp/hard\libcr_nohost_nf.a(__sys_remove.o)
                0x00005638                __sys_remove
 .text.__sys_seek
                0x0000563e        0x6 C:/nxp/MCUXpressoIDE_24.12.148/ide/plugins/com.nxp.mcuxpresso.tools.win32_24.12.0.202407110909/tools/bin/../lib/gcc/arm-none-eabi/13.2.1/../../../../arm-none-eabi/lib/thumb/v8-m.main+fp/hard\libcr_nohost_nf.a(__sys_seek.o)
                0x0000563e                __sys_seek
 .text.__sys_tmpnam
                0x00005644        0x6 C:/nxp/MCUXpressoIDE_24.12.148/ide/plugins/com.nxp.mcuxpresso.tools.win32_24.12.0.202407110909/tools/bin/../lib/gcc/arm-none-eabi/13.2.1/../../../../arm-none-eabi/lib/thumb/v8-m.main+fp/hard\libcr_nohost_nf.a(__sys_tmpnam.o)
                0x00005644                __sys_tmpnam
 .text.__sys_write
                0x0000564a        0x4 C:/nxp/MCUXpressoIDE_24.12.148/ide/plugins/com.nxp.mcuxpresso.tools.win32_24.12.0.202407110909/tools/bin/../lib/gcc/arm-none-eabi/13.2.1/../../../../arm-none-eabi/lib/thumb/v8-m.main+fp/hard\libcr_nohost_nf.a(__sys_write.o)
                0x0000564a                __sys_write
 *freertos*/tasks.o(SORT_BY_ALIGNMENT(.rodata*))
 *fill*         0x0000564e        0x2 ff
 .rodata.uxTopUsedPriority
                0x00005650        0x4 ./freertos/freertos-kernel/tasks.o
 .rodata.prvCreateIdleTasks.str1.4
                0x00005654        0x5 ./freertos/freertos-kernel/tasks.o
 *(SORT_BY_ALIGNMENT(.rodata) SORT_BY_ALIGNMENT(.rodata.*) SORT_BY_ALIGNMENT(.constdata) SORT_BY_ALIGNMENT(.constdata.*))
 .rodata.__assertion_failed.str1.4
                0x00005654      0x5df ./utilities/fsl_assert.o
                                 0x14 (size before relaxing)
 .rodata.main.str1.4
                0x00005c33        0x7 ./source/freertos_hello.o
 *fill*         0x00005c33        0x1 ff
 .rodata        0x00005c34        0x2 ./source/freertos_hello.o
 .rodata.xTimerCreateTimerTask.str1.4
                0x00005c36        0x8 ./freertos/freertos-kernel/timers.o
 .rodata.prvCheckForValidListAndQueue.str1.4
                0x00005c36        0x5 ./freertos/freertos-kernel/timers.o
 *fill*         0x00005c36        0x2 ff
 .rodata.s_gpioBases
                0x00005c38       0x18 ./drivers/fsl_gpio.o
 .rodata.s_gpioClockName
                0x00005c50        0xa ./drivers/fsl_gpio.o
 .rodata.GPIO_GetInstance.str1.4
                0x00005c5a       0x34 ./drivers/fsl_gpio.o
 .rodata.GPIO_PinInit.str1.4
                0x00005c5a       0x20 ./drivers/fsl_gpio.o
 *fill*         0x00005c5a        0x2 ff
 .rodata.s_lpflexcommBase
                0x00005c5c       0x28 ./drivers/fsl_lpflexcomm.o
 .rodata.s_lpflexcommClocks
                0x00005c84       0x14 ./drivers/fsl_lpflexcomm.o
 .rodata.s_lpflexcommResets
                0x00005c98       0x28 ./drivers/fsl_lpflexcomm.o
 .rodata.LP_FLEXCOMM_SetPeriph.str1.4
                0x00005cc0       0x43 ./drivers/fsl_lpflexcomm.o
 .rodata.LP_FLEXCOMM_Init.str1.4
                0x00005cc0       0x49 ./drivers/fsl_lpflexcomm.o
 .rodata.s_lpuartBases
                0x00005cc0       0x28 ./drivers/fsl_lpuart.o
 .rodata.LPUART_GetInstance.str1.4
                0x00005ce8       0x38 ./drivers/fsl_lpuart.o
 .rodata.LPUART_Init.str1.4
                0x00005ce8      0x10a ./drivers/fsl_lpuart.o
 .rodata.LPUART_GetDefaultConfig.str1.4
                0x00005ce8       0x22 ./drivers/fsl_lpuart.o
 .rodata.LPUART_WriteBlocking.str1.4
                0x00005ce8       0x21 ./drivers/fsl_lpuart.o
 .rodata.LPUART_ReadBlocking.str1.4
                0x00005ce8       0x21 ./drivers/fsl_lpuart.o
 .rodata.RESET_ClearPeripheralReset.str1.4
                0x00005ce8       0x1e ./drivers/fsl_reset.o
 .rodata.SPC_SetSRAMOperateVoltage.str1.4
                0x00005ce8       0x1f ./drivers/fsl_spc.o
 .rodata.SPC_SetActiveModeCoreLDORegulatorConfig.str1.4
                0x00005ce8       0x1f ./drivers/fsl_spc.o
 .rodata.SPC_SetActiveModeDCDCRegulatorConfig.str1.4
                0x00005ce8       0x20 ./drivers/fsl_spc.o
 .rodata.s_LpuartAdapterBase
                0x00005ce8       0x28 ./component/uart/fsl_adapter_lpuart.o
 .rodata.HAL_UartInit.str1.4
                0x00005d10      0x116 ./component/uart/fsl_adapter_lpuart.o
 .rodata.HAL_UartReceiveBlocking.str1.4
                0x00005d10       0x7b ./component/uart/fsl_adapter_lpuart.o
 .rodata.HAL_UartSendBlocking.str1.4
                0x00005d10       0x7b ./component/uart/fsl_adapter_lpuart.o
 .rodata        0x00005d10       0x22 ./board/clock_config.o
 .rodata.PORT_SetPinConfig.str1.4
                0x00005d32       0x87 ./board/pin_mux.o
 *fill*         0x00005d32        0x2 ff
 .rodata.__num_Ciob_streams
                0x00005d34        0x4 C:/nxp/MCUXpressoIDE_24.12.148/ide/plugins/com.nxp.mcuxpresso.tools.win32_24.12.0.202407110909/tools/bin/../lib/gcc/arm-none-eabi/13.2.1/../../../../arm-none-eabi/lib/thumb/v8-m.main+fp/hard\libcr_nohost_nf.a(__ciob.o)
                0x00005d34                __num_Ciob_streams
 .rodata._initio.str1.1
                0x00005d38        0x4 C:/nxp/MCUXpressoIDE_24.12.148/ide/plugins/com.nxp.mcuxpresso.tools.win32_24.12.0.202407110909/tools/bin/../lib/gcc/arm-none-eabi/13.2.1/../../../../arm-none-eabi/lib/thumb/v8-m.main+fp/hard\libcr_c.a(initio.o)
                0x00005d3c                        . = ALIGN (0x4)

.glue_7         0x00005d3c        0x0
 .glue_7        0x00005d3c        0x0 linker stubs

.glue_7t        0x00005d3c        0x0
 .glue_7t       0x00005d3c        0x0 linker stubs

.vfp11_veneer   0x00005d3c        0x0
 .vfp11_veneer  0x00005d3c        0x0 linker stubs

.v4_bx          0x00005d3c        0x0
 .v4_bx         0x00005d3c        0x0 linker stubs

.iplt           0x00005d3c        0x0
 .iplt          0x00005d3c        0x0 ./utilities/debug_console_lite/fsl_debug_console.o

.rel.dyn        0x00005d3c        0x0
 .rel.iplt      0x00005d3c        0x0 ./utilities/debug_console_lite/fsl_debug_console.o

.ARM.extab
 *(SORT_BY_ALIGNMENT(.ARM.extab*) SORT_BY_ALIGNMENT(.gnu.linkonce.armextab.*))

.ARM.exidx      0x00005d3c        0x0
                0x00005d3c                        __exidx_start = .
 *(SORT_BY_ALIGNMENT(.ARM.exidx*) SORT_BY_ALIGNMENT(.gnu.linkonce.armexidx.*))
                0x00005d3c                        __exidx_end = .
                0x00005d3c                        _etext = .

.m_usb_data
 *(SORT_BY_ALIGNMENT(m_usb_global))

.data_RAM2      0x04000000        0x0 load address 0x00005d3c
 FILL mask 0xff
                [!provide]                        PROVIDE (__start_data_RAM2 = .)
                [!provide]                        PROVIDE (__start_data_SRAMX = .)
 *(SORT_BY_ALIGNMENT(.ramfunc.$RAM2))
 *(SORT_BY_ALIGNMENT(.ramfunc.$SRAMX))
 *(SORT_BY_ALIGNMENT(.data.$RAM2))
 *(SORT_BY_ALIGNMENT(.data.$SRAMX))
 *(SORT_BY_ALIGNMENT(.data.$RAM2.*))
 *(SORT_BY_ALIGNMENT(.data.$SRAMX.*))
                0x04000000                        . = ALIGN (0x4)
                [!provide]                        PROVIDE (__end_data_RAM2 = .)
                [!provide]                        PROVIDE (__end_data_SRAMX = .)

.data_RAM3      0x20060000        0x0 load address 0x00005d3c
 FILL mask 0xff
                [!provide]                        PROVIDE (__start_data_RAM3 = .)
                [!provide]                        PROVIDE (__start_data_SRAMH = .)
 *(SORT_BY_ALIGNMENT(.ramfunc.$RAM3))
 *(SORT_BY_ALIGNMENT(.ramfunc.$SRAMH))
 *(SORT_BY_ALIGNMENT(.data.$RAM3))
 *(SORT_BY_ALIGNMENT(.data.$SRAMH))
 *(SORT_BY_ALIGNMENT(.data.$RAM3.*))
 *(SORT_BY_ALIGNMENT(.data.$SRAMH.*))
                0x20060000                        . = ALIGN (0x4)
                [!provide]                        PROVIDE (__end_data_RAM3 = .)
                [!provide]                        PROVIDE (__end_data_SRAMH = .)

.data_RAM4      0x400ba000        0x0 load address 0x00005d3c
 FILL mask 0xff
                [!provide]                        PROVIDE (__start_data_RAM4 = .)
                [!provide]                        PROVIDE (__start_data_USB_RAM = .)
 *(SORT_BY_ALIGNMENT(.ramfunc.$RAM4))
 *(SORT_BY_ALIGNMENT(.ramfunc.$USB_RAM))
 *(SORT_BY_ALIGNMENT(.data.$RAM4))
 *(SORT_BY_ALIGNMENT(.data.$USB_RAM))
 *(SORT_BY_ALIGNMENT(.data.$RAM4.*))
 *(SORT_BY_ALIGNMENT(.data.$USB_RAM.*))
                0x400ba000                        . = ALIGN (0x4)
                [!provide]                        PROVIDE (__end_data_RAM4 = .)
                [!provide]                        PROVIDE (__end_data_USB_RAM = .)

.uninit_RESERVED
                0x20000000        0x0
                0x20000000                        _start_uninit_RESERVED = .
 *(SORT_BY_ALIGNMENT(.bss.$RESERVED*))
                0x20000000                        . = ALIGN (0x4)
                0x20000000                        _end_uninit_RESERVED = .

.data           0x20000000       0x10 load address 0x00005d3c
 FILL mask 0xff
                0x20000000                        _data = .
                [!provide]                        PROVIDE (__start_data_RAM = .)
                [!provide]                        PROVIDE (__start_data_SRAM = .)
 *(SORT_BY_ALIGNMENT(vtable))
 *(SORT_BY_ALIGNMENT(.ramfunc*))
 *(SORT_BY_ALIGNMENT(CodeQuickAccess))
 *(SORT_BY_ALIGNMENT(DataQuickAccess))
 *(SORT_BY_ALIGNMENT(RamFunction))
 *(SORT_BY_ALIGNMENT(.data*))
 .data.ulCriticalNesting
                0x20000000        0x4 ./freertos/freertos-kernel/portable/GCC/ARM_CM33_NTZ/non_secure/port.o
 .data.s_Ext_Clk_Freq
                0x20000004        0x4 ./drivers/fsl_clock.o
 .data.s_Xtal32_Freq
                0x20000008        0x4 ./drivers/fsl_clock.o
 .data.SystemCoreClock
                0x2000000c        0x4 ./device/system_MCXN947_cm33_core0.o
                0x2000000c                SystemCoreClock
                0x20000010                        . = ALIGN (0x4)
                0x20000010                        _edata = .
                [!provide]                        PROVIDE (__end_data_RAM = .)
                [!provide]                        PROVIDE (__end_data_SRAM = .)

.igot.plt       0x20000010        0x0 load address 0x00005d4c
 .igot.plt      0x20000010        0x0 ./utilities/debug_console_lite/fsl_debug_console.o

.bss_RAM2       0x04000000        0x0
                [!provide]                        PROVIDE (__start_bss_RAM2 = .)
                [!provide]                        PROVIDE (__start_bss_SRAMX = .)
 *(SORT_BY_ALIGNMENT(.bss.$RAM2))
 *(SORT_BY_ALIGNMENT(.bss.$SRAMX))
 *(SORT_BY_ALIGNMENT(.bss.$RAM2.*))
 *(SORT_BY_ALIGNMENT(.bss.$SRAMX.*))
                0x04000000                        . = ALIGN ((. != 0x0)?0x4:0x1)
                [!provide]                        PROVIDE (__end_bss_RAM2 = .)
                [!provide]                        PROVIDE (__end_bss_SRAMX = .)

.bss_RAM3       0x20060000        0x0
                [!provide]                        PROVIDE (__start_bss_RAM3 = .)
                [!provide]                        PROVIDE (__start_bss_SRAMH = .)
 *(SORT_BY_ALIGNMENT(.bss.$RAM3))
 *(SORT_BY_ALIGNMENT(.bss.$SRAMH))
 *(SORT_BY_ALIGNMENT(.bss.$RAM3.*))
 *(SORT_BY_ALIGNMENT(.bss.$SRAMH.*))
                0x20060000                        . = ALIGN ((. != 0x0)?0x4:0x1)
                [!provide]                        PROVIDE (__end_bss_RAM3 = .)
                [!provide]                        PROVIDE (__end_bss_SRAMH = .)

.bss_RAM4       0x400ba000        0x0
                [!provide]                        PROVIDE (__start_bss_RAM4 = .)
                [!provide]                        PROVIDE (__start_bss_USB_RAM = .)
 *(SORT_BY_ALIGNMENT(.bss.$RAM4))
 *(SORT_BY_ALIGNMENT(.bss.$USB_RAM))
 *(SORT_BY_ALIGNMENT(.bss.$RAM4.*))
 *(SORT_BY_ALIGNMENT(.bss.$USB_RAM.*))
                0x400ba000                        . = ALIGN ((. != 0x0)?0x4:0x1)
                [!provide]                        PROVIDE (__end_bss_RAM4 = .)
                [!provide]                        PROVIDE (__end_bss_USB_RAM = .)

.bss            0x20000010     0x2bb0
                0x20000010                        _bss = .
                [!provide]                        PROVIDE (__start_bss_RAM = .)
                [!provide]                        PROVIDE (__start_bss_SRAM = .)
 *(SORT_BY_ALIGNMENT(.bss*))
 .bss.s_debugConsole
                0x20000010       0x14 ./utilities/debug_console_lite/fsl_debug_console.o
 .bss.ucHeap    0x20000024     0x2800 ./freertos/freertos-kernel/portable/MemMang/heap_4.o
 .bss.xStart    0x20002824        0x8 ./freertos/freertos-kernel/portable/MemMang/heap_4.o
 .bss.pxEnd     0x2000282c        0x4 ./freertos/freertos-kernel/portable/MemMang/heap_4.o
 .bss.xFreeBytesRemaining
                0x20002830        0x4 ./freertos/freertos-kernel/portable/MemMang/heap_4.o
 .bss.xMinimumEverFreeBytesRemaining
                0x20002834        0x4 ./freertos/freertos-kernel/portable/MemMang/heap_4.o
 .bss.xNumberOfSuccessfulAllocations
                0x20002838        0x4 ./freertos/freertos-kernel/portable/MemMang/heap_4.o
 .bss.xNumberOfSuccessfulFrees
                0x2000283c        0x4 ./freertos/freertos-kernel/portable/MemMang/heap_4.o
 .bss.ulMaxPRIGROUPValue
                0x20002840        0x4 ./freertos/freertos-kernel/portable/GCC/ARM_CM33_NTZ/non_secure/port.o
 .bss.xQueueRegistry
                0x20002844       0x40 ./freertos/freertos-kernel/queue.o
                0x20002844                xQueueRegistry
 .bss.pxCurrentTCB
                0x20002884        0x4 ./freertos/freertos-kernel/tasks.o
                0x20002884                pxCurrentTCB
 .bss.pxReadyTasksLists
                0x20002888       0x64 ./freertos/freertos-kernel/tasks.o
 .bss.xDelayedTaskList1
                0x200028ec       0x14 ./freertos/freertos-kernel/tasks.o
 .bss.xDelayedTaskList2
                0x20002900       0x14 ./freertos/freertos-kernel/tasks.o
 .bss.pxDelayedTaskList
                0x20002914        0x4 ./freertos/freertos-kernel/tasks.o
 .bss.pxOverflowDelayedTaskList
                0x20002918        0x4 ./freertos/freertos-kernel/tasks.o
 .bss.xPendingReadyList
                0x2000291c       0x14 ./freertos/freertos-kernel/tasks.o
 .bss.xTasksWaitingTermination
                0x20002930       0x14 ./freertos/freertos-kernel/tasks.o
 .bss.uxDeletedTasksWaitingCleanUp
                0x20002944        0x4 ./freertos/freertos-kernel/tasks.o
 .bss.xSuspendedTaskList
                0x20002948       0x14 ./freertos/freertos-kernel/tasks.o
 .bss.uxCurrentNumberOfTasks
                0x2000295c        0x4 ./freertos/freertos-kernel/tasks.o
 .bss.xTickCount
                0x20002960        0x4 ./freertos/freertos-kernel/tasks.o
 .bss.uxTopReadyPriority
                0x20002964        0x4 ./freertos/freertos-kernel/tasks.o
 .bss.xSchedulerRunning
                0x20002968        0x4 ./freertos/freertos-kernel/tasks.o
 .bss.xPendedTicks
                0x2000296c        0x4 ./freertos/freertos-kernel/tasks.o
 .bss.xYieldPendings
                0x20002970        0x4 ./freertos/freertos-kernel/tasks.o
 .bss.xNumOfOverflows
                0x20002974        0x4 ./freertos/freertos-kernel/tasks.o
 .bss.uxTaskNumber
                0x20002978        0x4 ./freertos/freertos-kernel/tasks.o
 .bss.xNextTaskUnblockTime
                0x2000297c        0x4 ./freertos/freertos-kernel/tasks.o
 .bss.xIdleTaskHandles
                0x20002980        0x4 ./freertos/freertos-kernel/tasks.o
 .bss.uxSchedulerSuspended
                0x20002984        0x4 ./freertos/freertos-kernel/tasks.o
 .bss.xActiveTimerList1
                0x20002988       0x14 ./freertos/freertos-kernel/timers.o
 .bss.xActiveTimerList2
                0x2000299c       0x14 ./freertos/freertos-kernel/timers.o
 .bss.pxCurrentTimerList
                0x200029b0        0x4 ./freertos/freertos-kernel/timers.o
 .bss.pxOverflowTimerList
                0x200029b4        0x4 ./freertos/freertos-kernel/timers.o
 .bss.xTimerQueue
                0x200029b8        0x4 ./freertos/freertos-kernel/timers.o
 .bss.xTimerTaskHandle
                0x200029bc        0x4 ./freertos/freertos-kernel/timers.o
 .bss.xLastTime.0
                0x200029c0        0x4 ./freertos/freertos-kernel/timers.o
 .bss.s_lpflexcommIrqHandler
                0x200029c4       0xa0 ./drivers/fsl_lpflexcomm.o
 .bss.s_lpflexcommHandle
                0x20002a64       0xa0 ./drivers/fsl_lpflexcomm.o
 .bss.errno     0x20002b04        0x4 C:/nxp/MCUXpressoIDE_24.12.148/ide/plugins/com.nxp.mcuxpresso.tools.win32_24.12.0.202407110909/tools/bin/../lib/gcc/arm-none-eabi/13.2.1/../../../../arm-none-eabi/lib/thumb/v8-m.main+fp/hard\libcr_c.a(errno.o)
                0x20002b04                errno
 .bss.__Ciob    0x20002b08       0xb4 C:/nxp/MCUXpressoIDE_24.12.148/ide/plugins/com.nxp.mcuxpresso.tools.win32_24.12.0.202407110909/tools/bin/../lib/gcc/arm-none-eabi/13.2.1/../../../../arm-none-eabi/lib/thumb/v8-m.main+fp/hard\libcr_nohost_nf.a(__ciob.o)
                0x20002b08                __Ciob
 .bss.ucMaxSysCallPriority
                0x20002bbc        0x1 ./freertos/freertos-kernel/portable/GCC/ARM_CM33_NTZ/non_secure/port.o
 *(SORT_BY_ALIGNMENT(COMMON))
                0x20002bc0                        . = ALIGN (0x4)
 *fill*         0x20002bbd        0x3 
                0x20002bc0                        _ebss = .
                [!provide]                        PROVIDE (__end_bss_RAM = .)
                [!provide]                        PROVIDE (__end_bss_SRAM = .)
                [!provide]                        PROVIDE (end = .)

.noinit_RAM2    0x04000000        0x0
                [!provide]                        PROVIDE (__start_noinit_RAM2 = .)
                [!provide]                        PROVIDE (__start_noinit_SRAMX = .)
 *(SORT_BY_ALIGNMENT(.noinit.$RAM2))
 *(SORT_BY_ALIGNMENT(.noinit.$SRAMX))
 *(SORT_BY_ALIGNMENT(.noinit.$RAM2.*))
 *(SORT_BY_ALIGNMENT(.noinit.$SRAMX.*))
                0x04000000                        . = ALIGN (0x4)
                [!provide]                        PROVIDE (__end_noinit_RAM2 = .)
                [!provide]                        PROVIDE (__end_noinit_SRAMX = .)

.noinit_RAM3    0x20060000        0x0
                [!provide]                        PROVIDE (__start_noinit_RAM3 = .)
                [!provide]                        PROVIDE (__start_noinit_SRAMH = .)
 *(SORT_BY_ALIGNMENT(.noinit.$RAM3))
 *(SORT_BY_ALIGNMENT(.noinit.$SRAMH))
 *(SORT_BY_ALIGNMENT(.noinit.$RAM3.*))
 *(SORT_BY_ALIGNMENT(.noinit.$SRAMH.*))
                0x20060000                        . = ALIGN (0x4)
                [!provide]                        PROVIDE (__end_noinit_RAM3 = .)
                [!provide]                        PROVIDE (__end_noinit_SRAMH = .)

.noinit_RAM4    0x400ba000        0x0
                [!provide]                        PROVIDE (__start_noinit_RAM4 = .)
                [!provide]                        PROVIDE (__start_noinit_USB_RAM = .)
 *(SORT_BY_ALIGNMENT(.noinit.$RAM4))
 *(SORT_BY_ALIGNMENT(.noinit.$USB_RAM))
 *(SORT_BY_ALIGNMENT(.noinit.$RAM4.*))
 *(SORT_BY_ALIGNMENT(.noinit.$USB_RAM.*))
                0x400ba000                        . = ALIGN (0x4)
                [!provide]                        PROVIDE (__end_noinit_RAM4 = .)
                [!provide]                        PROVIDE (__end_noinit_USB_RAM = .)

.noinit         0x20002bc0        0x0
                0x20002bc0                        _noinit = .
                [!provide]                        PROVIDE (__start_noinit_RAM = .)
                [!provide]                        PROVIDE (__start_noinit_SRAM = .)
 *(SORT_BY_ALIGNMENT(.noinit*))
                0x20002bc0                        . = ALIGN (0x4)
                0x20002bc0                        _end_noinit = .
                [!provide]                        PROVIDE (__end_noinit_RAM = .)
                [!provide]                        PROVIDE (__end_noinit_SRAM = .)
                0x00001000                        _HeapSize = 0x1000

.heap           0x20002bc0     0x1000
                0x20002bc0                        _pvHeapStart = .
                0x20003bc0                        . = (. + _HeapSize)
 *fill*         0x20002bc0     0x1000 
                0x20003bc0                        . = ALIGN (0x4)
                0x20003bc0                        _pvHeapLimit = .
                0x00001000                        _StackSize = 0x1000

.heap2stackfill
                0x20003bc0     0x1000
                0x20004bc0                        . = (. + _StackSize)
 *fill*         0x20003bc0     0x1000 

.stack          0x2005f000        0x0
                0x2005f000                        _vStackBase = .
                0x2005f000                        . = ALIGN (0x4)
                0x20060000                        _vStackTop = (. + _StackSize)
                0x00000000                        _image_start = LOADADDR (.text)
                0x00005d4c                        _image_end = (LOADADDR (.data) + SIZEOF (.data))
                0x00005d4c                        _image_size = (_image_end - _image_start)
OUTPUT(frdmmcxn947_vuart_freertos_hello_cm33_core0.axf elf32-littlearm)
LOAD linker stubs

.debug_info     0x00000000    0x21ce1
 .debug_info    0x00000000      0xcfb ./utilities/debug_console_lite/fsl_debug_console.o
 .debug_info    0x00000cfb      0x12e ./utilities/fsl_assert.o
 .debug_info    0x00000e29       0x24 ./utilities/fsl_memcpy.o
 .debug_info    0x00000e4d     0x14b6 ./startup/startup_mcxn947_cm33_core0.o
 .debug_info    0x00002303      0x4b6 ./source/freertos_hello.o
 .debug_info    0x000027b9       0x3c ./source/semihost_hardfault.o
 .debug_info    0x000027f5      0x4e7 ./freertos/freertos-kernel/portable/MemMang/heap_4.o
 .debug_info    0x00002cdc      0x3f2 ./freertos/freertos-kernel/portable/GCC/ARM_CM33_NTZ/non_secure/port.o
 .debug_info    0x000030ce      0x14e ./freertos/freertos-kernel/portable/GCC/ARM_CM33_NTZ/non_secure/portasm.o
 .debug_info    0x0000321c      0x2b9 ./freertos/freertos-kernel/list.o
 .debug_info    0x000034d5     0x1443 ./freertos/freertos-kernel/queue.o
 .debug_info    0x00004918     0x2540 ./freertos/freertos-kernel/tasks.o